Archive member included to satisfy reference by file (symbol)

C:/devkitPro/libogc/lib/wii\libwiiuse.a(wpad.o)
                              main.o (WPAD_SetDataFormat)
C:/devkitPro/libogc/lib/wii\libwiiuse.a(motion_plus.o)
                              C:/devkitPro/libogc/lib/wii\libwiiuse.a(wpad.o) (wiiuse_set_motion_plus)
C:/devkitPro/libogc/lib/wii\libwiiuse.a(dynamics.o)
                              C:/devkitPro/libogc/lib/wii\libwiiuse.a(wpad.o) (calculate_gforce)
C:/devkitPro/libogc/lib/wii\libwiiuse.a(io.o)
                              C:/devkitPro/libogc/lib/wii\libwiiuse.a(motion_plus.o) (wiiuse_disable_expansion)
C:/devkitPro/libogc/lib/wii\libwiiuse.a(io_wii.o)
                              C:/devkitPro/libogc/lib/wii\libwiiuse.a(wpad.o) (__wiiuse_sensorbar_enable)
C:/devkitPro/libogc/lib/wii\libwiiuse.a(ir.o)
                              C:/devkitPro/libogc/lib/wii\libwiiuse.a(motion_plus.o) (wiiuse_set_ir_mode)
C:/devkitPro/libogc/lib/wii\libwiiuse.a(nunchuk.o)
                              C:/devkitPro/libogc/lib/wii\libwiiuse.a(io.o) (nunchuk_handshake)
C:/devkitPro/libogc/lib/wii\libwiiuse.a(wiiboard.o)
                              C:/devkitPro/libogc/lib/wii\libwiiuse.a(io.o) (wii_board_handshake)
C:/devkitPro/libogc/lib/wii\libwiiuse.a(wiiuse.o)
                              C:/devkitPro/libogc/lib/wii\libwiiuse.a(wpad.o) (wiiuse_init)
C:/devkitPro/libogc/lib/wii\libwiiuse.a(speaker.o)
                              C:/devkitPro/libogc/lib/wii\libwiiuse.a(wpad.o) (wencdata)
C:/devkitPro/libogc/lib/wii\libwiiuse.a(classic.o)
                              C:/devkitPro/libogc/lib/wii\libwiiuse.a(io.o) (classic_ctrl_handshake)
C:/devkitPro/libogc/lib/wii\libwiiuse.a(events.o)
                              C:/devkitPro/libogc/lib/wii\libwiiuse.a(io_wii.o) (parse_event)
C:/devkitPro/libogc/lib/wii\libwiiuse.a(guitar_hero_3.o)
                              C:/devkitPro/libogc/lib/wii\libwiiuse.a(io.o) (guitar_hero_3_handshake)
C:/devkitPro/libogc/lib/wii\libbte.a(bte.o)
                              C:/devkitPro/libogc/lib/wii\libwiiuse.a(wpad.o) (BTE_Init)
C:/devkitPro/libogc/lib/wii\libbte.a(hci.o)
                              C:/devkitPro/libogc/lib/wii\libbte.a(bte.o) (hci_init)
C:/devkitPro/libogc/lib/wii\libbte.a(l2cap.o)
                              C:/devkitPro/libogc/lib/wii\libbte.a(bte.o) (l2cap_init)
C:/devkitPro/libogc/lib/wii\libbte.a(btmemb.o)
                              C:/devkitPro/libogc/lib/wii\libbte.a(bte.o) (btmemb_init)
C:/devkitPro/libogc/lib/wii\libbte.a(btmemr.o)
                              C:/devkitPro/libogc/lib/wii\libbte.a(hci.o) (btmemr_init)
C:/devkitPro/libogc/lib/wii\libbte.a(btpbuf.o)
                              C:/devkitPro/libogc/lib/wii\libbte.a(hci.o) (btpbuf_init)
C:/devkitPro/libogc/lib/wii\libbte.a(physbusif.o)
                              C:/devkitPro/libogc/lib/wii\libbte.a(bte.o) (physbusif_init)
C:/devkitPro/libogc/lib/wii\libogc.a(console.o)
                              main.o (CON_Init)
C:/devkitPro/libogc/lib/wii\libogc.a(lwp_queue.o)
                              C:/devkitPro/libogc/lib/wii\libwiiuse.a(io_wii.o) (__lwp_queue_initialize)
C:/devkitPro/libogc/lib/wii\libogc.a(lwp_threads.o)
                              C:/devkitPro/libogc/lib/wii\libwiiuse.a(wpad.o) (_thread_dispatch_disable_level)
C:/devkitPro/libogc/lib/wii\libogc.a(lwp.o)
                              C:/devkitPro/libogc/lib/wii\libbte.a(bte.o) (LWP_InitQueue)
C:/devkitPro/libogc/lib/wii\libogc.a(lwp_handler.o)
                              C:/devkitPro/libogc/lib/wii\libogc.a(lwp_threads.o) (_cpu_context_save_fp)
C:/devkitPro/libogc/lib/wii\libogc.a(lwp_stack.o)
                              C:/devkitPro/libogc/lib/wii\libogc.a(lwp_threads.o) (__lwp_stack_allocate)
C:/devkitPro/libogc/lib/wii\libogc.a(lwp_watchdog.o)
                              C:/devkitPro/libogc/lib/wii\libogc.a(lwp_threads.o) (_wd_ticks_queue)
C:/devkitPro/libogc/lib/wii\libogc.a(lwp_wkspace.o)
                              C:/devkitPro/libogc/lib/wii\libwiiuse.a(motion_plus.o) (__wkspace_heap)
C:/devkitPro/libogc/lib/wii\libogc.a(lwp_objmgr.o)
                              C:/devkitPro/libogc/lib/wii\libogc.a(lwp.o) (__lwp_objmgr_initinfo)
C:/devkitPro/libogc/lib/wii\libogc.a(lwp_heap.o)
                              C:/devkitPro/libogc/lib/wii\libogc.a(lwp_wkspace.o) (__lwp_heap_init)
C:/devkitPro/libogc/lib/wii\libogc.a(sys_state.o)
                              C:/devkitPro/libogc/lib/wii\libogc.a(lwp_threads.o) (_sys_state_curr)
C:/devkitPro/libogc/lib/wii\libogc.a(irq.o)
                              C:/devkitPro/libogc/lib/wii\libwiiuse.a(io_wii.o) (IRQ_Disable)
C:/devkitPro/libogc/lib/wii\libogc.a(video.o)
                              C:/devkitPro/libogc/lib/wii\libogc.a(console.o) (VIDEO_GetCurrentFramebuffer)
C:/devkitPro/libogc/lib/wii\libogc.a(system.o)
                              C:/devkitPro/libogc/lib/wii\libwiiuse.a(wpad.o) (__SYS_DoPowerCB)
[...]
Memory Configuration

Name             Origin             Length             Attributes
*default*        0x0000000000000000 0xffffffffffffffff

Linker script and memory map

                0x0000000000003400                . = 0x3400

.stub
 *(.stub)
                0x0000000080004000                . = 0x80004000

.init           0x0000000080004000      0x194
 *crt0.o(*.init)
 .init          0x0000000080004000      0x170 C:/devkitPro/libogc/lib/wii\libogc.a(ogc_crt0.o)
                0x0000000080004000                _start
                0x0000000080004140                _memset
 *(.init)
 .init          0x0000000080004170        0xc c:/devkitpro/devkitppc/bin/../lib/gcc/powerpc-eabi/8.3.0/ecrti.o
                0x0000000080004170                __init
 .init          0x000000008000417c        0x4 c:/devkitpro/devkitppc/bin/../lib/gcc/powerpc-eabi/8.3.0/crtbegin.o
 .init          0x0000000080004180        0x4 c:/devkitpro/devkitppc/bin/../lib/gcc/powerpc-eabi/8.3.0/crtend.o
 .init          0x0000000080004184       0x10 c:/devkitpro/devkitppc/bin/../lib/gcc/powerpc-eabi/8.3.0/ecrtn.o

.rela.dyn       0x0000000080004194        0x0
 .rela.iplt     0x0000000080004194        0x0 main.o

.plt
 *(.plt)

.interp
 *(.interp)

.hash
 *(.hash)

.dynsym
 *(.dynsym)

.dynstr
 *(.dynstr)

.gnu.version
 *(.gnu.version)

.gnu.version_d
 *(.gnu.version_d)

.gnu.version_r
 *(.gnu.version_r)

.rel.init
 *(.rel.init)

.rela.init      0x0000000080004194        0x0
 *(.rela.init)
 .rela.init     0x0000000080004194        0x0 main.o

.rel.text
 *(.rel.text .rel.text.* .rel.gnu.linkonce.t.*)

.rela.text      0x0000000080004194        0x0
 *(.rela.text .rela.text.* .rela.gnu.linkonce.t.*)
 .rela.text.deregister_tm_clones
                0x0000000080004194        0x0 main.o
 .rela.text.register_tm_clones
                0x0000000080004194        0x0 main.o
 .rela.text.__do_global_dtors_aux
                0x0000000080004194        0x0 main.o
 .rela.text.frame_dummy
                0x0000000080004194        0x0 main.o
 .rela.text.Initialise
                0x0000000080004194        0x0 main.o
 .rela.text.startup.main
                0x0000000080004194        0x0 main.o
 .rela.text.wiiuse_handshake
                0x0000000080004194        0x0 main.o
 .rela.text.wiiuse_handshake_expansion
                0x0000000080004194        0x0 main.o
 .rela.text.wiiuse_init_cmd_queue
                0x0000000080004194        0x0 main.o
 .rela.text.wiiuse_init
                0x0000000080004194        0x0 main.o
 .rela.text.__lwp_thread_tickle_timeslice
                0x0000000080004194        0x0 main.o
 .rela.text.__lwp_thread_setstate
                0x0000000080004194        0x0 main.o
 .rela.text.__lwp_thread_changepriority
                0x0000000080004194        0x0 main.o
 .rela.text.__lwp_thread_ready
                0x0000000080004194        0x0 main.o
 .rela.text.__lwp_thread_init
                0x0000000080004194        0x0 main.o
 .rela.text.__lwp_thread_close
                0x0000000080004194        0x0 main.o
 .rela.text.__lwp_thread_closeall
                0x0000000080004194        0x0 main.o
 .rela.text.__lwp_thread_startmultitasking
                0x0000000080004194        0x0 main.o
 .rela.text.__lwp_thread_stopmultitasking
                0x0000000080004194        0x0 main.o
 .rela.text.__lwp_thread_coreinit
                0x0000000080004194        0x0 main.o
 .rela.text.__lwp_sysinit
                0x0000000080004194        0x0 main.o
 .rela.text.LWP_InitQueue
                0x0000000080004194        0x0 main.o
 .rela.text.LWP_CloseQueue
                0x0000000080004194        0x0 main.o
 .rela.text.LWP_ThreadSleep
                0x0000000080004194        0x0 main.o
 .rela.text.LWP_ThreadBroadcast
                0x0000000080004194        0x0 main.o
 .rela.text.LWP_ThreadSignal
                0x0000000080004194        0x0 main.o
 .rela.text.__lwp_stack_allocate
                0x0000000080004194        0x0 main.o
 .rela.text.__lwp_stack_free
                0x0000000080004194        0x0 main.o
 .rela.text.__lwp_watchdog_init
                0x0000000080004194        0x0 main.o
 .rela.text.__lwp_wd_tickle
                0x0000000080004194        0x0 main.o
 .rela.text.__lwp_wkspace_init
                0x0000000080004194        0x0 main.o
 .rela.text.__lwp_objmgr_initinfo
                0x0000000080004194        0x0 main.o
 .rela.text.__irq_init
                0x0000000080004194        0x0 main.o
 .rela.text.__call_resetfuncs
                0x0000000080004194        0x0 main.o
 .rela.text.__unlocksram
                0x0000000080004194        0x0 main.o
 .rela.text.__sram_writecallback
                0x0000000080004194        0x0 main.o
 .rela.text.__sys_alarmhandler
                0x0000000080004194        0x0 main.o
 .rela.text.__sram_read.constprop.11
                0x0000000080004194        0x0 main.o
 .rela.text.SYS_Init
                0x0000000080004194        0x0 main.o
 .rela.text.SYS_SetAlarm
                0x0000000080004194        0x0 main.o
 .rela.text.SYS_SetPeriodicAlarm
                0x0000000080004194        0x0 main.o
 .rela.text.SYS_RemoveAlarm
                0x0000000080004194        0x0 main.o
 .rela.text.SYS_CancelAlarm
                0x0000000080004194        0x0 main.o
 .rela.text.SYS_SetWirelessID
                0x0000000080004194        0x0 main.o
 .rela.text.SYS_GetWirelessID
                0x0000000080004194        0x0 main.o
 .rela.text.__lwp_cond_init
                0x0000000080004194        0x0 main.o
 .rela.text.c_decrementer_handler
                0x0000000080004194        0x0 main.o
 .rela.text.__lwp_mqbox_init
                0x0000000080004194        0x0 main.o
 .rela.text.__ios_ioctlvformat_parse
                0x0000000080004194        0x0 main.o
 .rela.text.__ioctlvfmtCB
                0x0000000080004194        0x0 main.o
 .rela.text.IOS_IoctlvFormat
                0x0000000080004194        0x0 main.o
 .rela.text.__libogc_nanosleep
                0x0000000080004194        0x0 main.o
 .rela.text.__libc_delete_hook
                0x0000000080004194        0x0 main.o
 .rela.text.__libc_init
                0x0000000080004194        0x0 main.o
 .rela.text.__CheckARGV
                0x0000000080004194        0x0 main.o
 .rela.text.__lwp_priority_init
                0x0000000080004194        0x0 main.o
 .rela.text.__lwp_threadqueue_enqueuefifo
                0x0000000080004194        0x0 main.o
 .rela.text.__lwp_threadqueue_dequeuefifo
                0x0000000080004194        0x0 main.o
 .rela.text.__lwp_threadqueue_enqueuepriority
                0x0000000080004194        0x0 main.o
 .rela.text.__lwp_threadqueue_dequeuepriority
                0x0000000080004194        0x0 main.o
 .rela.text.__lwp_threadqueue_enqueue
                0x0000000080004194        0x0 main.o
 .rela.text.__lwp_threadqueue_extractfifo
                0x0000000080004194        0x0 main.o
 .rela.text.__lwp_threadqueue_extractpriority
                0x0000000080004194        0x0 main.o
 .rela.text.__exception_init
                0x0000000080004194        0x0 main.o
 .rela.text.__exception_close
                0x0000000080004194        0x0 main.o
 .rela.text     0x0000000080004194        0x0 main.o
 .rela.text.__lwp_sema_init
                0x0000000080004194        0x0 main.o
 .rela.text.__lwp_mutex_locksupp.constprop.8
                0x0000000080004194        0x0 main.o
 .rela.text.__lwp_mutex_init
                0x0000000080004194        0x0 main.o
 .rela.text.LWP_MutexInit
                0x0000000080004194        0x0 main.o
 .rela.text.LWP_MutexDestroy
                0x0000000080004194        0x0 main.o
 .rela.text.LWP_MutexUnlock
                0x0000000080004194        0x0 main.o
 .rela.text.__GX_InitRevBits
                0x0000000080004194        0x0 main.o
 .rela.text.__GX_CleanGPFifo
                0x0000000080004194        0x0 main.o
 .rela.text.__SetSURegs
                0x0000000080004194        0x0 main.o
 .rela.text.__GX_Abort
                0x0000000080004194        0x0 main.o
 .rela.text.__GX_SetDirtyState
                0x0000000080004194        0x0 main.o
 .rela.text.GX_Flush
                0x0000000080004194        0x0 main.o
 .rela.text.GX_AbortFrame
                0x0000000080004194        0x0 main.o
 .rela.text.kprintf
                0x0000000080004194        0x0 main.o

.rel.fini
 *(.rel.fini)

.rela.fini
 *(.rela.fini)

.rel.rodata
 *(.rel.rodata .rel.rodata.* .rel.gnu.linkonce.r.*)

.rela.rodata
 *(.rela.rodata .rela.rodata.* .rela.gnu.linkonce.r.*)

.rel.data
 *(.rel.data .rel.data.* .rel.gnu.linkonce.d.*)

.rela.data
 *(.rela.data .rela.data.* .rela.gnu.linkonce.d.*)

.rel.tdata
 *(.rel.tdata .rel.tdata.* .rel.gnu.linkonce.td.*)

.rela.tdata
 *(.rela.tdata .rela.tdata.* .rela.gnu.linkonce.td.*)

.rel.tbss
 *(.rel.tbss .rel.tbss.* .rel.gnu.linkonce.tb.*)

.rela.tbss
 *(.rela.tbss .rela.tbss.* .rela.gnu.linkonce.tb.*)

.rel.ctors
 *(.rel.ctors)

.rela.ctors
 *(.rela.ctors)

.rel.dtors
 *(.rel.dtors)

.rela.dtors
 *(.rela.dtors)

.rel.got
 *(.rel.got)

.rela.got
 *(.rela.got)

.rela.got1
 *(.rela.got1)

.rela.got2
 *(.rela.got2)

.rel.sdata
 *(.rel.sdata .rel.sdata.* .rel.gnu.linkonce.s.*)

.rela.sdata
 *(.rela.sdata .rela.sdata.* .rela.gnu.linkonce.s.*)

.rel.sbss
 *(.rel.sbss .rel.sbss.* .rel.gnu.linkonce.sb.*)

.rela.sbss
 *(.rela.sbss .rela.sbss.* .rel.gnu.linkonce.sb.*)

.rel.sdata2
 *(.rel.sdata2 .rel.sdata2.* .rel.gnu.linkonce.s2.*)

.rela.sdata2    0x0000000080004194        0x0
 *(.rela.sdata2 .rela.sdata2.* .rela.gnu.linkonce.s2.*)
 .rela.sdata2.__sys_inIPL
                0x0000000080004194        0x0 main.o

.rel.sbss2
 *(.rel.sbss2 .rel.sbss2.* .rel.gnu.linkonce.sb2.*)

.rela.sbss2
 *(.rela.sbss2 .rela.sbss2.* .rela.gnu.linkonce.sb2.*)

.rel.bss
 *(.rel.bss .rel.bss.* .rel.gnu.linkonce.b.*)

.rela.bss
 *(.rela.bss .rela.bss.* .rela.gnu.linkonce.b.*)

.rel.plt
 *(.rel.plt)

.rela.plt
 *(.rela.plt)

.text           0x00000000800041a0    0x39620
 *(.text)
 .text          0x00000000800041a0      0x44c C:/devkitPro/libogc/lib/wii\libogc.a(lwp_handler.o)
                0x00000000800041a0                _cpu_context_save_fp
                0x00000000800042e0                _cpu_context_restore_fp
                0x0000000080004420                _cpu_context_switch
                0x0000000080004500                _cpu_context_save
                0x0000000080004580                _cpu_context_restore
 .text          0x00000000800045ec      0x4a0 C:/devkitPro/libogc/lib/wii\libogc.a(system_asm.o)
                0x00000000800045ec                __realmode
                0x0000000080004604                __configBATS
                0x0000000080004734                __InitFPRS
                0x0000000080004860                __InitPS
                0x00000000800048bc                __InitCache
                0x0000000080004914                __InitSystem
                0x000000008000499c                __flush_cache
                0x00000000800049d0                __reset
                0x0000000080004a40                __InitBATS
                0x0000000080004a5c                SYS_SwitchFiber
 .text          0x0000000080004a8c      0x1ac C:/devkitPro/libogc/lib/wii\libogc.a(irq_handler.o)
                0x0000000080004a8c                irq_exceptionhandler
 .text          0x0000000080004c38      0x118 C:/devkitPro/libogc/lib/wii\libogc.a(video_asm.o)
                0x0000000080004c38                __VIClearFramebuffer
 .text          0x0000000080004d50      0x4f4 C:/devkitPro/libogc/lib/wii\libogc.a(cache_asm.o)
                0x0000000080004d50                DCFlashInvalidate
                0x0000000080004d64                DCEnable
                0x0000000080004d78                DCDisable
                0x0000000080004d8c                DCFreeze
                0x0000000080004da0                DCUnfreeze
                0x0000000080004db4                DCTouchLoad
                0x0000000080004dbc                DCBlockZero
                0x0000000080004dc4                DCBlockStore
                0x0000000080004dcc                DCBlockFlush
                0x0000000080004dd4                DCBlockInvalidate
                0x0000000080004ddc                DCInvalidateRange
                0x0000000080004e0c                DCFlushRange
                0x0000000080004e40                DCStoreRange
                0x0000000080004e74                DCFlushRangeNoSync
                0x0000000080004ea4                DCStoreRangeNoSync
                0x0000000080004ed4                DCZeroRange
                0x0000000080004f04                DCTouchRange
                0x0000000080004f34                ICInvalidateRange
                0x0000000080004f6c                ICFlashInvalidate
                0x0000000080004f80                ICEnable
                0x0000000080004f94                ICDisable
                0x0000000080004fa8                ICFreeze
                0x0000000080004fbc                ICUnfreeze
                0x0000000080004fd0                ICBlockInvalidate
                0x0000000080004fd8                ICSync
                0x0000000080004fe0                L2Init
                0x0000000080005028                L2Enable
                0x0000000080005044                L2Disable
                0x000000008000505c                L2GlobalInvalidate
                0x00000000800050b4                __LCEnable
                0x0000000080005180                LCDisable
                0x00000000800051a8                LCAllocOneTag
                0x00000000800051bc                LCAllocTags
                0x00000000800051fc                LCLoadBlocks
                0x0000000080005220                LCStoreBlocks
 .text          0x0000000080005244      0x1ac C:/devkitPro/libogc/lib/wii\libogc.a(decrementer_handler.o)
                0x0000000080005244                dec_exceptionhandler
 .text          0x00000000800053f0      0x35c C:/devkitPro/libogc/lib/wii\libogc.a(exception_handler.o)
                0x00000000800053f0                exceptionhandler_start
                0x000000008000546c                exceptionhandler_patch
                0x00000000800054a0                exceptionhandler_end
                0x00000000800054a4                default_exceptionhandler
                0x00000000800055d4                fpu_exceptionhandler
                0x000000008000571c                systemcallhandler_start
                0x0000000080005748                systemcallhandler_end
 .text          0x000000008000574c       0x48 c:/devkitpro/devkitppc/bin/../lib/gcc/powerpc-eabi/8.3.0\libgcc.a(eabi.o)
                0x000000008000574c                __eabi
 *(.text.*)
 .text.deregister_tm_clones
                0x0000000080005794       0x30 c:/devkitpro/devkitppc/bin/../lib/gcc/powerpc-eabi/8.3.0/crtbegin.o
 .text.register_tm_clones
                0x00000000800057c4       0x3c c:/devkitpro/devkitppc/bin/../lib/gcc/powerpc-eabi/8.3.0/crtbegin.o
 .text.__do_global_dtors_aux
                0x0000000080005800       0xd0 c:/devkitpro/devkitppc/bin/../lib/gcc/powerpc-eabi/8.3.0/crtbegin.o
 .text.frame_dummy
                0x00000000800058d0       0x44 c:/devkitpro/devkitppc/bin/../lib/gcc/powerpc-eabi/8.3.0/crtbegin.o
 .text.__crtmain
                0x0000000080005914       0x44 c:/devkitpro/devkitppc/bin/../lib/gcc/powerpc-eabi/8.3.0/../../../../powerpc-eabi/lib/crtmain.o
                0x0000000080005918                __crtmain
 .text.Initialise
                0x0000000080005958      0x128 main.o
                0x0000000080005958                Initialise
 .text.DrawBox  0x0000000080005a80      0x104 main.o
                0x0000000080005a80                DrawBox
 .text.lettA    0x0000000080005b84       0xb8 main.o
                0x0000000080005b84                lettA
 .text.lettB    0x0000000080005c3c      0x12c main.o
                0x0000000080005c3c                lettB
 .text.lettC    0x0000000080005d68       0xc4 main.o
                0x0000000080005d68                lettC
 .text.lettD    0x0000000080005e2c       0xec main.o
                0x0000000080005e2c                lettD
 .text.lettE    0x0000000080005f18      0x104 main.o
                0x0000000080005f18                lettE
 .text.lettF    0x000000008000601c       0xc4 main.o
                0x000000008000601c                lettF
 .text.lettG    0x00000000800060e0      0x134 main.o
                0x00000000800060e0                lettG
 .text.lettI    0x0000000080006214       0xd0 main.o
                0x0000000080006214                lettI
 .text.lettJ    0x00000000800062e4       0xd8 main.o
                0x00000000800062e4                lettJ
 .text.lettK    0x00000000800063bc       0xec main.o
                0x00000000800063bc                lettK
 .text.lettL    0x00000000800064a8       0x8c main.o
                0x00000000800064a8                lettL
 .text.lettM    0x0000000080006534       0xdc main.o
                0x0000000080006534                lettM
 .text.lettN    0x0000000080006610      0x124 main.o
                0x0000000080006610                lettN
 .text.lettP    0x0000000080006734       0xe8 main.o
                0x0000000080006734                lettP
 .text.lettQ    0x000000008000681c      0x12c main.o
                0x000000008000681c                lettQ
 .text.lettR    0x0000000080006948      0x140 main.o
                0x0000000080006948                lettR
 .text.lettS    0x0000000080006a88      0x134 main.o
                0x0000000080006a88                lettS
 .text.lettT    0x0000000080006bbc       0x90 main.o
                0x0000000080006bbc                lettT
 .text.lettU    0x0000000080006c4c       0xb8 main.o
                0x0000000080006c4c                lettU
 .text.lettW    0x0000000080006d04       0xe8 main.o
                0x0000000080006d04                lettW
 .text.lettX    0x0000000080006dec      0x120 main.o
                0x0000000080006dec                lettX
 .text.lettY    0x0000000080006f0c       0xec main.o
                0x0000000080006f0c                lettY
 .text.lettZ    0x0000000080006ff8      0x148 main.o
                0x0000000080006ff8                lettZ
 .text.drawLetter
                0x0000000080007140      0x140 main.o
                0x0000000080007140                drawLetter
 .text.DrawGrid
                0x0000000080007280      0x154 main.o
                0x0000000080007280                DrawGrid
 .text.startup.main
                0x00000000800073d4      0x244 main.o
                0x00000000800073d4                main
 .text.__wpad_assign_slot
                0x0000000080007618      0x210 C:/devkitPro/libogc/lib/wii\libwiiuse.a(wpad.o)
                0x0000000080007618                __wpad_assign_slot
 .text.__wpad_def_powcb
                0x0000000080007828        0x4 C:/devkitPro/libogc/lib/wii\libwiiuse.a(wpad.o)
 .text.__wpad_disconnect
                0x000000008000782c       0x44 C:/devkitPro/libogc/lib/wii\libwiiuse.a(wpad.o)
 .text.__readlinkkey_finished
                0x0000000080007870       0x34 C:/devkitPro/libogc/lib/wii\libwiiuse.a(wpad.o)
 .text.__wpad_patch_finished
                0x00000000800078a4       0x2c C:/devkitPro/libogc/lib/wii\libwiiuse.a(wpad.o)
 .text.__wpad_setfmt
                0x00000000800078d0      0x158 C:/devkitPro/libogc/lib/wii\libwiiuse.a(wpad.o)
 .text.__wpad_eventCB
                0x0000000080007a28      0xa1c C:/devkitPro/libogc/lib/wii\libwiiuse.a(wpad.o)
 .text.__wpad_disconnectCB
                0x0000000080008444       0xcc C:/devkitPro/libogc/lib/wii\libwiiuse.a(wpad.o)
                0x0000000080008444                __wpad_disconnectCB
 .text.__wpad_timeouthandler
                0x0000000080008510       0xb0 C:/devkitPro/libogc/lib/wii\libwiiuse.a(wpad.o)
 .text.__initcore_finished
                0x00000000800085c0       0x48 C:/devkitPro/libogc/lib/wii\libwiiuse.a(wpad.o)
 .text.__wpad_init_finished
                0x0000000080008608      0x1ac C:/devkitPro/libogc/lib/wii\libwiiuse.a(wpad.o)
 .text.WPAD_ReadEvent
                0x00000000800087b4      0x690 C:/devkitPro/libogc/lib/wii\libwiiuse.a(wpad.o)
                0x00000000800087b4                WPAD_ReadEvent
 .text.WPAD_ReadPending
                0x0000000080008e44      0x148 C:/devkitPro/libogc/lib/wii\libwiiuse.a(wpad.o)
                0x0000000080008e44                WPAD_ReadPending
 .text.WPAD_ReadPending.part.5
                0x0000000080008f8c       0x68 C:/devkitPro/libogc/lib/wii\libwiiuse.a(wpad.o)
 .text.WPAD_SetDataFormat
                0x0000000080008ff4      0x164 C:/devkitPro/libogc/lib/wii\libwiiuse.a(wpad.o)
                0x0000000080008ff4                WPAD_SetDataFormat
 .text.WPAD_SetVRes
                0x0000000080009158      0x118 C:/devkitPro/libogc/lib/wii\libwiiuse.a(wpad.o)
                0x0000000080009158                WPAD_SetVRes
 .text.WPAD_Shutdown
                0x0000000080009270       0xc8 C:/devkitPro/libogc/lib/wii\libwiiuse.a(wpad.o)
                0x0000000080009270                WPAD_Shutdown
 .text.WPAD_Init
                0x0000000080009338      0x2c4 C:/devkitPro/libogc/lib/wii\libwiiuse.a(wpad.o)
                0x0000000080009338                WPAD_Init
 .text.__wpad_onreset
                0x00000000800095fc       0x34 C:/devkitPro/libogc/lib/wii\libwiiuse.a(wpad.o)
 .text.WPAD_ScanPads
                0x0000000080009630        0x8 C:/devkitPro/libogc/lib/wii\libwiiuse.a(wpad.o)
                0x0000000080009630                WPAD_ScanPads
 .text.WPAD_ButtonsDown
                0x0000000080009638       0x28 C:/devkitPro/libogc/lib/wii\libwiiuse.a(wpad.o)
                0x0000000080009638                WPAD_ButtonsDown
 .text.WPAD_IR  0x0000000080009660       0x4c C:/devkitPro/libogc/lib/wii\libwiiuse.a(wpad.o)
                0x0000000080009660                WPAD_IR
 .text.motion_plus_disconnected
                0x00000000800096ac       0x10 C:/devkitPro/libogc/lib/wii\libwiiuse.a(motion_plus.o)
                0x00000000800096ac                motion_plus_disconnected
 .text.motion_plus_event
                0x00000000800096bc       0x64 C:/devkitPro/libogc/lib/wii\libwiiuse.a(motion_plus.o)
                0x00000000800096bc                motion_plus_event
 .text.apply_smoothing.part.0
                0x0000000080009720       0xa0 C:/devkitPro/libogc/lib/wii\libwiiuse.a(dynamics.o)
 .text.calculate_gforce
                0x00000000800097c0      0x114 C:/devkitPro/libogc/lib/wii\libwiiuse.a(dynamics.o)
                0x00000000800097c0                calculate_gforce
 .text.calc_joystick_state
                0x00000000800098d4      0x20c C:/devkitPro/libogc/lib/wii\libwiiuse.a(dynamics.o)
                0x00000000800098d4                calc_joystick_state
 .text.apply_smoothing
                0x0000000080009ae0       0xa4 C:/devkitPro/libogc/lib/wii\libwiiuse.a(dynamics.o)
                0x0000000080009ae0                apply_smoothing
 .text.calculate_orientation
                0x0000000080009b84      0x31c C:/devkitPro/libogc/lib/wii\libwiiuse.a(dynamics.o)
                0x0000000080009b84                calculate_orientation
 .text.calc_balanceboard_state
                0x0000000080009ea0      0x394 C:/devkitPro/libogc/lib/wii\libwiiuse.a(dynamics.o)
                0x0000000080009ea0                calc_balanceboard_state
 .text.wiiuse_handshake
                0x000000008000a234      0x278 C:/devkitPro/libogc/lib/wii\libwiiuse.a(io.o)
                0x000000008000a234                wiiuse_handshake
 .text.wiiuse_handshake_expansion
                0x000000008000a4ac      0x21c C:/devkitPro/libogc/lib/wii\libwiiuse.a(io.o)
                0x000000008000a4ac                wiiuse_handshake_expansion
 .text.wiiuse_handshake_expansion_start
                0x000000008000a6c8       0x24 C:/devkitPro/libogc/lib/wii\libwiiuse.a(io.o)
                0x000000008000a6c8                wiiuse_handshake_expansion_start
 .text.wiiuse_disable_expansion
                0x000000008000a6ec      0x1b0 C:/devkitPro/libogc/lib/wii\libwiiuse.a(io.o)
                0x000000008000a6ec                wiiuse_disable_expansion
 .text.__wiiuse_connected
                0x000000008000a89c       0x9c C:/devkitPro/libogc/lib/wii\libwiiuse.a(io_wii.o)
 .text.__wiiuse_disconnected
                0x000000008000a938       0xb4 C:/devkitPro/libogc/lib/wii\libwiiuse.a(io_wii.o)
 .text.__wiiuse_receive
                0x000000008000a9ec       0xd0 C:/devkitPro/libogc/lib/wii\libwiiuse.a(io_wii.o)
 .text.__wiiuse_sensorbar_enable
                0x000000008000aabc       0x54 C:/devkitPro/libogc/lib/wii\libwiiuse.a(io_wii.o)
                0x000000008000aabc                __wiiuse_sensorbar_enable
 .text.wiiuse_register
                0x000000008000ab10       0xe4 C:/devkitPro/libogc/lib/wii\libwiiuse.a(io_wii.o)
                0x000000008000ab10                wiiuse_register
 .text.wiiuse_disconnect
                0x000000008000abf4       0x24 C:/devkitPro/libogc/lib/wii\libwiiuse.a(io_wii.o)
                0x000000008000abf4                wiiuse_disconnect
 .text.wiiuse_init_cmd_queue
                0x000000008000ac18       0x9c C:/devkitPro/libogc/lib/wii\libwiiuse.a(io_wii.o)
                0x000000008000ac18                wiiuse_init_cmd_queue
 .text.wiiuse_io_write
                0x000000008000acb4       0x1c C:/devkitPro/libogc/lib/wii\libwiiuse.a(io_wii.o)
                0x000000008000acb4                wiiuse_io_write
 .text.get_ir_sens.isra.0
                0x000000008000acd0       0xe4 C:/devkitPro/libogc/lib/wii\libwiiuse.a(ir.o)
 .text.rotate_dots
                0x000000008000adb4      0x114 C:/devkitPro/libogc/lib/wii\libwiiuse.a(ir.o)
 .text.wiiuse_set_ir_mode
                0x000000008000aec8       0x88 C:/devkitPro/libogc/lib/wii\libwiiuse.a(ir.o)
                0x000000008000aec8                wiiuse_set_ir_mode
 .text.wiiuse_set_ir
                0x000000008000af50      0x1f0 C:/devkitPro/libogc/lib/wii\libwiiuse.a(ir.o)
                0x000000008000af50                wiiuse_set_ir
 .text.wiiuse_set_ir_vres
                0x000000008000b140       0x1c C:/devkitPro/libogc/lib/wii\libwiiuse.a(ir.o)
                0x000000008000b140                wiiuse_set_ir_vres
 .text.wiiuse_set_ir_position
                0x000000008000b15c       0x80 C:/devkitPro/libogc/lib/wii\libwiiuse.a(ir.o)
                0x000000008000b15c                wiiuse_set_ir_position
 .text.wiiuse_set_aspect_ratio
                0x000000008000b1dc       0x44 C:/devkitPro/libogc/lib/wii\libwiiuse.a(ir.o)
                0x000000008000b1dc                wiiuse_set_aspect_ratio
 .text.wiiuse_set_ir_sensitivity
                0x000000008000b220       0xf4 C:/devkitPro/libogc/lib/wii\libwiiuse.a(ir.o)
                0x000000008000b220                wiiuse_set_ir_sensitivity
 .text.calculate_basic_ir
                0x000000008000b314       0xf8 C:/devkitPro/libogc/lib/wii\libwiiuse.a(ir.o)
                0x000000008000b314                calculate_basic_ir
 .text.calculate_extended_ir
                0x000000008000b40c       0x64 C:/devkitPro/libogc/lib/wii\libwiiuse.a(ir.o)
                0x000000008000b40c                calculate_extended_ir
 .text.find_sensorbar
                0x000000008000b470      0x9e0 C:/devkitPro/libogc/lib/wii\libwiiuse.a(ir.o)
                0x000000008000b470                find_sensorbar
 .text.apply_ir_smoothing
                0x000000008000be50      0x100 C:/devkitPro/libogc/lib/wii\libwiiuse.a(ir.o)
                0x000000008000be50                apply_ir_smoothing
 .text.interpret_ir_data
                0x000000008000bf50      0x3b0 C:/devkitPro/libogc/lib/wii\libwiiuse.a(ir.o)
                0x000000008000bf50                interpret_ir_data
 .text.nunchuk_handshake
                0x000000008000c300      0x2d0 C:/devkitPro/libogc/lib/wii\libwiiuse.a(nunchuk.o)
                0x000000008000c300                nunchuk_handshake
 .text.nunchuk_disconnected
                0x000000008000c5d0        0xc C:/devkitPro/libogc/lib/wii\libwiiuse.a(nunchuk.o)
                0x000000008000c5d0                nunchuk_disconnected
 .text.nunchuk_event
                0x000000008000c5dc       0xe4 C:/devkitPro/libogc/lib/wii\libwiiuse.a(nunchuk.o)
                0x000000008000c5dc                nunchuk_event
 .text.wii_board_handshake
                0x000000008000c6c0      0x2c0 C:/devkitPro/libogc/lib/wii\libwiiuse.a(wiiboard.o)
                0x000000008000c6c0                wii_board_handshake
 .text.wii_board_disconnected
                0x000000008000c980        0xc C:/devkitPro/libogc/lib/wii\libwiiuse.a(wiiboard.o)
                0x000000008000c980                wii_board_disconnected
 .text.wii_board_event
                0x000000008000c98c       0x54 C:/devkitPro/libogc/lib/wii\libwiiuse.a(wiiboard.o)
                0x000000008000c98c                wii_board_event
 .text.wiiuse_send_next_command.part.0
                0x000000008000c9e0       0x44 C:/devkitPro/libogc/lib/wii\libwiiuse.a(wiiuse.o)
 .text.wiiuse_send_next_command
                0x000000008000ca24       0x18 C:/devkitPro/libogc/lib/wii\libwiiuse.a(wiiuse.o)
                0x000000008000ca24                wiiuse_send_next_command
 .text.wiiuse_init
                0x000000008000ca3c      0x208 C:/devkitPro/libogc/lib/wii\libwiiuse.a(wiiuse.o)
                0x000000008000ca3c                wiiuse_init
 .text.wiiuse_set_flags
                0x000000008000cc44       0x2c C:/devkitPro/libogc/lib/wii\libwiiuse.a(wiiuse.o)
                0x000000008000cc44                wiiuse_set_flags
 .text.wiiuse_read_data
                0x000000008000cc70      0x14c C:/devkitPro/libogc/lib/wii\libwiiuse.a(wiiuse.o)
                0x000000008000cc70                wiiuse_read_data
 .text.wiiuse_write_data
                0x000000008000cdbc      0x180 C:/devkitPro/libogc/lib/wii\libwiiuse.a(wiiuse.o)
                0x000000008000cdbc                wiiuse_write_data
 .text.wiiuse_sendcmd
                0x000000008000cf3c      0x17c C:/devkitPro/libogc/lib/wii\libwiiuse.a(wiiuse.o)
                0x000000008000cf3c                wiiuse_sendcmd
 .text.wiiuse_set_report_type
                0x000000008000d0b8      0x144 C:/devkitPro/libogc/lib/wii\libwiiuse.a(wiiuse.o)
                0x000000008000d0b8                wiiuse_set_report_type
 .text.wiiuse_motion_sensing
                0x000000008000d1fc       0x84 C:/devkitPro/libogc/lib/wii\libwiiuse.a(wiiuse.o)
                0x000000008000d1fc                wiiuse_motion_sensing
 .text.wiiuse_status
                0x000000008000d280       0x4c C:/devkitPro/libogc/lib/wii\libwiiuse.a(wiiuse.o)
                0x000000008000d280                wiiuse_status
 .text.wiiuse_set_leds
                0x000000008000d2cc       0x50 C:/devkitPro/libogc/lib/wii\libwiiuse.a(wiiuse.o)
                0x000000008000d2cc                wiiuse_set_leds
 .text.wiiuse_set_speaker
                0x000000008000d31c      0x230 C:/devkitPro/libogc/lib/wii\libwiiuse.a(speaker.o)
                0x000000008000d31c                wiiuse_set_speaker
 .text.classic_ctrl_handshake
                0x000000008000d54c      0x304 C:/devkitPro/libogc/lib/wii\libwiiuse.a(classic.o)
                0x000000008000d54c                classic_ctrl_handshake
 .text.classic_ctrl_disconnected
                0x000000008000d850        0xc C:/devkitPro/libogc/lib/wii\libwiiuse.a(classic.o)
                0x000000008000d850                classic_ctrl_disconnected
 .text.classic_ctrl_event
                0x000000008000d85c      0x16c C:/devkitPro/libogc/lib/wii\libwiiuse.a(classic.o)
                0x000000008000d85c                classic_ctrl_event
 .text.handle_expansion
                0x000000008000d9c8       0x54 C:/devkitPro/libogc/lib/wii\libwiiuse.a(events.o)
 .text.parse_event
                0x000000008000da1c      0x748 C:/devkitPro/libogc/lib/wii\libwiiuse.a(events.o)
                0x000000008000da1c                parse_event
 .text.guitar_hero_3_handshake
                0x000000008000e164       0x5c C:/devkitPro/libogc/lib/wii\libwiiuse.a(guitar_hero_3.o)
                0x000000008000e164                guitar_hero_3_handshake
 .text.guitar_hero_3_disconnected
                0x000000008000e1c0        0xc C:/devkitPro/libogc/lib/wii\libwiiuse.a(guitar_hero_3.o)
                0x000000008000e1c0                guitar_hero_3_disconnected
 .text.guitar_hero_3_event
                0x000000008000e1cc       0x6c C:/devkitPro/libogc/lib/wii\libwiiuse.a(guitar_hero_3.o)
                0x000000008000e1cc                guitar_hero_3_event
 .text.acl_wlp_completed
                0x000000008000e238        0x8 C:/devkitPro/libogc/lib/wii\libbte.a(bte.o)
                0x000000008000e238                acl_wlp_completed
 .text.bt_alarmhandler
                0x000000008000e240       0x60 C:/devkitPro/libogc/lib/wii\libbte.a(bte.o)
 .text.__bte_send_pending_request
                0x000000008000e2a0      0x104 C:/devkitPro/libogc/lib/wii\libbte.a(bte.o)
 .text.acl_conn_complete
                0x000000008000e3a4       0x2c C:/devkitPro/libogc/lib/wii\libbte.a(bte.o)
                0x000000008000e3a4                acl_conn_complete
 .text.bte_process_input
                0x000000008000e3d0      0x148 C:/devkitPro/libogc/lib/wii\libbte.a(bte.o)
 .text.l2cap_disconnect_cfm
                0x000000008000e518      0x19c C:/devkitPro/libogc/lib/wii\libbte.a(bte.o)
                0x000000008000e518                l2cap_disconnect_cfm
 .text.l2cap_accepted
                0x000000008000e6b4      0x128 C:/devkitPro/libogc/lib/wii\libbte.a(bte.o)
                0x000000008000e6b4                l2cap_accepted
 .text.l2cap_disconnected_ind
                0x000000008000e7dc      0x1a4 C:/devkitPro/libogc/lib/wii\libbte.a(bte.o)
                0x000000008000e7dc                l2cap_disconnected_ind
 .text.__bte_shutdown_finished
                0x000000008000e980       0xd0 C:/devkitPro/libogc/lib/wii\libbte.a(bte.o)
 .text.bte_hci_apply_patch_complete
                0x000000008000ea50      0x160 C:/devkitPro/libogc/lib/wii\libbte.a(bte.o)
                0x000000008000ea50                bte_hci_apply_patch_complete
 .text.bte_hci_patch_complete
                0x000000008000ebb0      0x378 C:/devkitPro/libogc/lib/wii\libbte.a(bte.o)
                0x000000008000ebb0                bte_hci_patch_complete
 .text.bte_hci_initcore_complete
                0x000000008000ef28      0x28c C:/devkitPro/libogc/lib/wii\libbte.a(bte.o)
                0x000000008000ef28                bte_hci_initcore_complete
 .text.bte_read_stored_link_key_complete
                0x000000008000f1b4      0x26c C:/devkitPro/libogc/lib/wii\libbte.a(bte.o)
                0x000000008000f1b4                bte_read_stored_link_key_complete
 .text.bte_hci_initcore_complete2
                0x000000008000f420      0x244 C:/devkitPro/libogc/lib/wii\libbte.a(bte.o)
 .text.bte_hci_initsub_complete
                0x000000008000f664      0x2b8 C:/devkitPro/libogc/lib/wii\libbte.a(bte.o)
                0x000000008000f664                bte_hci_initsub_complete
 .text.BTE_Init
                0x000000008000f91c      0x138 C:/devkitPro/libogc/lib/wii\libbte.a(bte.o)
                0x000000008000f91c                BTE_Init
 .text.BTE_Shutdown
                0x000000008000fa54      0x100 C:/devkitPro/libogc/lib/wii\libbte.a(bte.o)
                0x000000008000fa54                BTE_Shutdown
 .text.BTE_InitCore
                0x000000008000fb54       0x90 C:/devkitPro/libogc/lib/wii\libbte.a(bte.o)
                0x000000008000fb54                BTE_InitCore
 .text.BTE_ApplyPatch
                0x000000008000fbe4       0xa8 C:/devkitPro/libogc/lib/wii\libbte.a(bte.o)
                0x000000008000fbe4                BTE_ApplyPatch
 .text.BTE_InitSub
                0x000000008000fc8c       0x94 C:/devkitPro/libogc/lib/wii\libbte.a(bte.o)
                0x000000008000fc8c                BTE_InitSub
 .text.BTE_ReadStoredLinkKey
                0x000000008000fd20       0x94 C:/devkitPro/libogc/lib/wii\libbte.a(bte.o)
                0x000000008000fd20                BTE_ReadStoredLinkKey
 .text.BTE_SetDisconnectCallback
                0x000000008000fdb4        0x4 C:/devkitPro/libogc/lib/wii\libbte.a(bte.o)
                0x000000008000fdb4                BTE_SetDisconnectCallback
 .text.bte_new  0x000000008000fdb8       0x54 C:/devkitPro/libogc/lib/wii\libbte.a(bte.o)
                0x000000008000fdb8                bte_new
 .text.bte_registerdeviceasync
                0x000000008000fe0c      0x15c C:/devkitPro/libogc/lib/wii\libbte.a(bte.o)
                0x000000008000fe0c                bte_registerdeviceasync
 .text.bte_disconnect
                0x000000008000ff68       0xd8 C:/devkitPro/libogc/lib/wii\libbte.a(bte.o)
                0x000000008000ff68                bte_disconnect
 .text.bte_senddata
                0x0000000080010040       0xdc C:/devkitPro/libogc/lib/wii\libbte.a(bte.o)
                0x0000000080010040                bte_senddata
 .text.bte_arg  0x000000008001011c       0x38 C:/devkitPro/libogc/lib/wii\libbte.a(bte.o)
                0x000000008001011c                bte_arg
 .text.bte_received
                0x0000000080010154       0x38 C:/devkitPro/libogc/lib/wii\libbte.a(bte.o)
                0x0000000080010154                bte_received
 .text.bte_disconnected
                0x000000008001018c       0x38 C:/devkitPro/libogc/lib/wii\libbte.a(bte.o)
                0x000000008001018c                bte_disconnected
 .text.hci_get_link
                0x00000000800101c4       0x84 C:/devkitPro/libogc/lib/wii\libbte.a(hci.o)
 .text.hci_init
                0x0000000080010248       0x7c C:/devkitPro/libogc/lib/wii\libbte.a(hci.o)
                0x0000000080010248                hci_init
 .text.hci_new  0x00000000800102c4       0x48 C:/devkitPro/libogc/lib/wii\libbte.a(hci.o)
                0x00000000800102c4                hci_new
 .text.hci_close
                0x000000008001030c       0xd0 C:/devkitPro/libogc/lib/wii\libbte.a(hci.o)
                0x000000008001030c                hci_close
 .text.hci_reset_all
                0x00000000800103dc       0xbc C:/devkitPro/libogc/lib/wii\libbte.a(hci.o)
                0x00000000800103dc                hci_reset_all
 .text.hci_arg  0x0000000080010498        0xc C:/devkitPro/libogc/lib/wii\libbte.a(hci.o)
                0x0000000080010498                hci_arg
 .text.hci_cmd_complete
                0x00000000800104a4        0xc C:/devkitPro/libogc/lib/wii\libbte.a(hci.o)
                0x00000000800104a4                hci_cmd_complete
 .text.hci_connection_complete
                0x00000000800104b0        0xc C:/devkitPro/libogc/lib/wii\libbte.a(hci.o)
                0x00000000800104b0                hci_connection_complete
 .text.hci_wlp_complete
                0x00000000800104bc        0xc C:/devkitPro/libogc/lib/wii\libbte.a(hci.o)
                0x00000000800104bc                hci_wlp_complete
 .text.hci_reset
                0x00000000800104c8       0xa8 C:/devkitPro/libogc/lib/wii\libbte.a(hci.o)
                0x00000000800104c8                hci_reset
 .text.hci_read_buffer_size
                0x0000000080010570       0xa8 C:/devkitPro/libogc/lib/wii\libbte.a(hci.o)
                0x0000000080010570                hci_read_buffer_size
 .text.hci_read_bd_addr
                0x0000000080010618       0xa8 C:/devkitPro/libogc/lib/wii\libbte.a(hci.o)
                0x0000000080010618                hci_read_bd_addr
 .text.hci_read_local_version
                0x00000000800106c0       0xa4 C:/devkitPro/libogc/lib/wii\libbte.a(hci.o)
                0x00000000800106c0                hci_read_local_version
 .text.hci_read_local_features
                0x0000000080010764       0xa8 C:/devkitPro/libogc/lib/wii\libbte.a(hci.o)
                0x0000000080010764                hci_read_local_features
 .text.hci_read_stored_link_key
                0x000000008001080c       0xfc C:/devkitPro/libogc/lib/wii\libbte.a(hci.o)
                0x000000008001080c                hci_read_stored_link_key
 .text.hci_write_page_timeout
                0x0000000080010908       0xcc C:/devkitPro/libogc/lib/wii\libbte.a(hci.o)
                0x0000000080010908                hci_write_page_timeout
 .text.hci_write_scan_enable
                0x00000000800109d4       0xb8 C:/devkitPro/libogc/lib/wii\libbte.a(hci.o)
                0x00000000800109d4                hci_write_scan_enable
 .text.hci_accecpt_conn_request
                0x0000000080010a8c       0xdc C:/devkitPro/libogc/lib/wii\libbte.a(hci.o)
                0x0000000080010a8c                hci_accecpt_conn_request
 .text.hci_write_local_name
                0x0000000080010b68       0xd4 C:/devkitPro/libogc/lib/wii\libbte.a(hci.o)
                0x0000000080010b68                hci_write_local_name
 .text.hci_write_pin_type
                0x0000000080010c3c       0xb8 C:/devkitPro/libogc/lib/wii\libbte.a(hci.o)
                0x0000000080010c3c                hci_write_pin_type
 .text.hci_write_inquiry_mode
                0x0000000080010cf4       0xb8 C:/devkitPro/libogc/lib/wii\libbte.a(hci.o)
                0x0000000080010cf4                hci_write_inquiry_mode
 .text.hci_write_page_scan_type
                0x0000000080010dac       0xb8 C:/devkitPro/libogc/lib/wii\libbte.a(hci.o)
                0x0000000080010dac                hci_write_page_scan_type
 .text.hci_write_inquiry_scan_type
                0x0000000080010e64       0xb8 C:/devkitPro/libogc/lib/wii\libbte.a(hci.o)
                0x0000000080010e64                hci_write_inquiry_scan_type
 .text.hci_vendor_specific_command
                0x0000000080010f1c       0xe4 C:/devkitPro/libogc/lib/wii\libbte.a(hci.o)
                0x0000000080010f1c                hci_vendor_specific_command
 .text.hci_write_link_policy_settings
                0x0000000080011000      0x100 C:/devkitPro/libogc/lib/wii\libbte.a(hci.o)
                0x0000000080011000                hci_write_link_policy_settings
 .text.hci_pin_code_request_neg_reply
                0x0000000080011100       0xc8 C:/devkitPro/libogc/lib/wii\libbte.a(hci.o)
                0x0000000080011100                hci_pin_code_request_neg_reply
 .text.hci_link_key_req_neg_reply
                0x00000000800111c8       0xc8 C:/devkitPro/libogc/lib/wii\libbte.a(hci.o)
                0x00000000800111c8                hci_link_key_req_neg_reply
 .text.hci_disconnect
                0x0000000080011290       0xf8 C:/devkitPro/libogc/lib/wii\libbte.a(hci.o)
                0x0000000080011290                hci_disconnect
 .text.hci_write_cod
                0x0000000080011388       0xc8 C:/devkitPro/libogc/lib/wii\libbte.a(hci.o)
                0x0000000080011388                hci_write_cod
 .text.hci_host_buffer_size
                0x0000000080011450      0x108 C:/devkitPro/libogc/lib/wii\libbte.a(hci.o)
                0x0000000080011450                hci_host_buffer_size
 .text.hci_host_num_comp_packets
                0x0000000080011558      0x104 C:/devkitPro/libogc/lib/wii\libbte.a(hci.o)
                0x0000000080011558                hci_host_num_comp_packets
 .text.lp_pdu_maxsize
                0x000000008001165c        0xc C:/devkitPro/libogc/lib/wii\libbte.a(hci.o)
                0x000000008001165c                lp_pdu_maxsize
 .text.lp_acl_write
                0x0000000080011668      0x154 C:/devkitPro/libogc/lib/wii\libbte.a(hci.o)
                0x0000000080011668                lp_acl_write
 .text.lp_write_flush_timeout
                0x00000000800117bc      0x100 C:/devkitPro/libogc/lib/wii\libbte.a(hci.o)
                0x00000000800117bc                lp_write_flush_timeout
 .text.hci_event_handler
                0x00000000800118bc      0xbf4 C:/devkitPro/libogc/lib/wii\libbte.a(hci.o)
                0x00000000800118bc                hci_event_handler
 .text.hci_acldata_handler
                0x00000000800124b0      0x12c C:/devkitPro/libogc/lib/wii\libbte.a(hci.o)
                0x00000000800124b0                hci_acldata_handler
 .text.l2cap_init
                0x00000000800125dc       0x60 C:/devkitPro/libogc/lib/wii\libbte.a(l2cap.o)
                0x00000000800125dc                l2cap_init
 .text.l2cap_write
                0x000000008001263c      0x1a8 C:/devkitPro/libogc/lib/wii\libbte.a(l2cap.o)
                0x000000008001263c                l2cap_write
 .text.l2cap_new
                0x00000000800127e4       0x6c C:/devkitPro/libogc/lib/wii\libbte.a(l2cap.o)
                0x00000000800127e4                l2cap_new
 .text.l2cap_close
                0x0000000080012850      0x1d4 C:/devkitPro/libogc/lib/wii\libbte.a(l2cap.o)
                0x0000000080012850                l2cap_close
 .text.l2cap_reset_all
                0x0000000080012a24      0x154 C:/devkitPro/libogc/lib/wii\libbte.a(l2cap.o)
                0x0000000080012a24                l2cap_reset_all
 .text.l2cap_signal
                0x0000000080012b78      0x210 C:/devkitPro/libogc/lib/wii\libbte.a(l2cap.o)
                0x0000000080012b78                l2cap_signal
 .text.l2ca_config_req
                0x0000000080012d88      0x160 C:/devkitPro/libogc/lib/wii\libbte.a(l2cap.o)
                0x0000000080012d88                l2ca_config_req
 .text.l2ca_disconnect_req
                0x0000000080012ee8       0xc4 C:/devkitPro/libogc/lib/wii\libbte.a(l2cap.o)
                0x0000000080012ee8                l2ca_disconnect_req
 .text.l2cap_tmr
                0x0000000080012fac      0x284 C:/devkitPro/libogc/lib/wii\libbte.a(l2cap.o)
                0x0000000080012fac                l2cap_tmr
 .text.l2cap_process_sig
                0x0000000080013230     0x11d4 C:/devkitPro/libogc/lib/wii\libbte.a(l2cap.o)
                0x0000000080013230                l2cap_process_sig
 .text.l2cap_input
                0x0000000080014404      0x5ac C:/devkitPro/libogc/lib/wii\libbte.a(l2cap.o)
                0x0000000080014404                l2cap_input
 .text.l2ca_datawrite
                0x00000000800149b0      0x118 C:/devkitPro/libogc/lib/wii\libbte.a(l2cap.o)
                0x00000000800149b0                l2ca_datawrite
 .text.lp_connect_cfm
                0x0000000080014ac8      0x184 C:/devkitPro/libogc/lib/wii\libbte.a(l2cap.o)
                0x0000000080014ac8                lp_connect_cfm
 .text.lp_connect_ind
                0x0000000080014c4c        0x4 C:/devkitPro/libogc/lib/wii\libbte.a(l2cap.o)
                0x0000000080014c4c                lp_connect_ind
 .text.lp_disconnect_ind
                0x0000000080014c50      0x12c C:/devkitPro/libogc/lib/wii\libbte.a(l2cap.o)
                0x0000000080014c50                lp_disconnect_ind
 .text.l2cap_disconnect_bb
                0x0000000080014d7c       0x10 C:/devkitPro/libogc/lib/wii\libbte.a(l2cap.o)
                0x0000000080014d7c                l2cap_disconnect_bb
 .text.l2cap_arg
                0x0000000080014d8c        0x8 C:/devkitPro/libogc/lib/wii\libbte.a(l2cap.o)
                0x0000000080014d8c                l2cap_arg
 .text.l2cap_connect_ind
                0x0000000080014d94      0x100 C:/devkitPro/libogc/lib/wii\libbte.a(l2cap.o)
                0x0000000080014d94                l2cap_connect_ind
 .text.l2cap_disconnect_ind
                0x0000000080014e94        0x8 C:/devkitPro/libogc/lib/wii\libbte.a(l2cap.o)
                0x0000000080014e94                l2cap_disconnect_ind
 .text.l2cap_recv
                0x0000000080014e9c        0x8 C:/devkitPro/libogc/lib/wii\libbte.a(l2cap.o)
                0x0000000080014e9c                l2cap_recv
 .text.btmemb_init
                0x0000000080014ea4       0x24 C:/devkitPro/libogc/lib/wii\libbte.a(btmemb.o)
                0x0000000080014ea4                btmemb_init
 .text.btmemb_alloc
                0x0000000080014ec8       0xa8 C:/devkitPro/libogc/lib/wii\libbte.a(btmemb.o)
                0x0000000080014ec8                btmemb_alloc
 .text.btmemb_free
                0x0000000080014f70       0xa8 C:/devkitPro/libogc/lib/wii\libbte.a(btmemb.o)
                0x0000000080014f70                btmemb_free
 .text.plug_holes
                0x0000000080015018       0xb8 C:/devkitPro/libogc/lib/wii\libbte.a(btmemr.o)
 .text.btmemr_free.part.0
                0x00000000800150d0       0x78 C:/devkitPro/libogc/lib/wii\libbte.a(btmemr.o)
 .text.btmemr_init
                0x0000000080015148       0x98 C:/devkitPro/libogc/lib/wii\libbte.a(btmemr.o)
                0x0000000080015148                btmemr_init
 .text.btmemr_malloc
                0x00000000800151e0      0x178 C:/devkitPro/libogc/lib/wii\libbte.a(btmemr.o)
                0x00000000800151e0                btmemr_malloc
 .text.btmemr_free
                0x0000000080015358       0x28 C:/devkitPro/libogc/lib/wii\libbte.a(btmemr.o)
                0x0000000080015358                btmemr_free
 .text.btmemr_realloc
                0x0000000080015380      0x10c C:/devkitPro/libogc/lib/wii\libbte.a(btmemr.o)
                0x0000000080015380                btmemr_realloc
 .text.btpbuf_cat.part.0
                0x000000008001548c       0x68 C:/devkitPro/libogc/lib/wii\libbte.a(btpbuf.o)
 .text.btpbuf_init
                0x00000000800154f4       0x28 C:/devkitPro/libogc/lib/wii\libbte.a(btpbuf.o)
                0x00000000800154f4                btpbuf_init
 .text.btpbuf_free
                0x000000008001551c      0x124 C:/devkitPro/libogc/lib/wii\libbte.a(btpbuf.o)
                0x000000008001551c                btpbuf_free
 .text.btpbuf_alloc
                0x0000000080015640      0x25c C:/devkitPro/libogc/lib/wii\libbte.a(btpbuf.o)
                0x0000000080015640                btpbuf_alloc
 .text.btpbuf_realloc
                0x000000008001589c       0xec C:/devkitPro/libogc/lib/wii\libbte.a(btpbuf.o)
                0x000000008001589c                btpbuf_realloc
 .text.btpbuf_header
                0x0000000080015988       0x90 C:/devkitPro/libogc/lib/wii\libbte.a(btpbuf.o)
                0x0000000080015988                btpbuf_header
 .text.btpbuf_ref
                0x0000000080015a18       0x48 C:/devkitPro/libogc/lib/wii\libbte.a(btpbuf.o)
                0x0000000080015a18                btpbuf_ref
 .text.btpbuf_chain
                0x0000000080015a60       0x8c C:/devkitPro/libogc/lib/wii\libbte.a(btpbuf.o)
                0x0000000080015a60                btpbuf_chain
 .text.btpbuf_dechain
                0x0000000080015aec       0x7c C:/devkitPro/libogc/lib/wii\libbte.a(btpbuf.o)
                0x0000000080015aec                btpbuf_dechain
 .text.btpbuf_take
                0x0000000080015b68      0x13c C:/devkitPro/libogc/lib/wii\libbte.a(btpbuf.o)
                0x0000000080015b68                btpbuf_take
 .text.__usb_closeCB
                0x0000000080015ca4       0x10 C:/devkitPro/libogc/lib/wii\libbte.a(physbusif.o)
 .text.__writebulkmsgCB
                0x0000000080015cb4       0x3c C:/devkitPro/libogc/lib/wii\libbte.a(physbusif.o)
 .text.__writectrlmsgCB
                0x0000000080015cf0       0x3c C:/devkitPro/libogc/lib/wii\libbte.a(physbusif.o)
 .text.__issue_intrread.part.0
                0x0000000080015d2c       0x80 C:/devkitPro/libogc/lib/wii\libbte.a(physbusif.o)
 .text.__readintrdataCB
                0x0000000080015dac      0x150 C:/devkitPro/libogc/lib/wii\libbte.a(physbusif.o)
 .text.__issue_bulkread.part.2
                0x0000000080015efc       0x80 C:/devkitPro/libogc/lib/wii\libbte.a(physbusif.o)
 .text.__readbulkdataCB
                0x0000000080015f7c      0x150 C:/devkitPro/libogc/lib/wii\libbte.a(physbusif.o)
 .text.physbusif_init
                0x00000000800160cc      0x1dc C:/devkitPro/libogc/lib/wii\libbte.a(physbusif.o)
                0x00000000800160cc                physbusif_init
 .text.physbusif_close
                0x00000000800162a8       0x20 C:/devkitPro/libogc/lib/wii\libbte.a(physbusif.o)
                0x00000000800162a8                physbusif_close
 .text.physbusif_shutdown
                0x00000000800162c8       0x24 C:/devkitPro/libogc/lib/wii\libbte.a(physbusif.o)
                0x00000000800162c8                physbusif_shutdown
 .text.physbusif_reset_all
                0x00000000800162ec        0x4 C:/devkitPro/libogc/lib/wii\libbte.a(physbusif.o)
                0x00000000800162ec                physbusif_reset_all
 .text.physbusif_output
                0x00000000800162f0      0x1b4 C:/devkitPro/libogc/lib/wii\libbte.a(physbusif.o)
                0x00000000800162f0                physbusif_output
 .text.__console_clear_line
                0x00000000800164a4       0x84 C:/devkitPro/libogc/lib/wii\libogc.a(console.o)
 .text.__console_clear
                0x0000000080016528       0x54 C:/devkitPro/libogc/lib/wii\libogc.a(console.o)
 .text.__console_write
                0x000000008001657c      0x708 C:/devkitPro/libogc/lib/wii\libogc.a(console.o)
                0x000000008001657c                __console_write
 .text.__console_init
                0x0000000080016c84      0x108 C:/devkitPro/libogc/lib/wii\libogc.a(console.o)
                0x0000000080016c84                __console_init
 .text.CON_Init
                0x0000000080016d8c        0x4 C:/devkitPro/libogc/lib/wii\libogc.a(console.o)
                0x0000000080016d8c                CON_Init
 .text.CON_EnableGecko
                0x0000000080016d90      0x100 C:/devkitPro/libogc/lib/wii\libogc.a(console.o)
                0x0000000080016d90                CON_EnableGecko
 .text.__lwp_queue_initialize
                0x0000000080016e90       0x60 C:/devkitPro/libogc/lib/wii\libogc.a(lwp_queue.o)
                0x0000000080016e90                __lwp_queue_initialize
 .text.__lwp_queue_get
                0x0000000080016ef0       0x74 C:/devkitPro/libogc/lib/wii\libogc.a(lwp_queue.o)
                0x0000000080016ef0                __lwp_queue_get
 .text.__lwp_queue_append
                0x0000000080016f64       0x4c C:/devkitPro/libogc/lib/wii\libogc.a(lwp_queue.o)
                0x0000000080016f64                __lwp_queue_append
 .text.__lwp_isr_in_progress
                0x0000000080016fb0        0x8 C:/devkitPro/libogc/lib/wii\libogc.a(lwp_threads.o)
                0x0000000080016fb0                __lwp_isr_in_progress
 .text.__thread_dispatch_fp
                0x0000000080016fb8       0x88 C:/devkitPro/libogc/lib/wii\libogc.a(lwp_threads.o)
                0x0000000080016fb8                __thread_dispatch_fp
 .text.__thread_dispatch
                0x0000000080017040      0x110 C:/devkitPro/libogc/lib/wii\libogc.a(lwp_threads.o)
                0x0000000080017040                __thread_dispatch
 .text.__lwp_thread_resettimeslice
                0x0000000080017150       0xec C:/devkitPro/libogc/lib/wii\libogc.a(lwp_threads.o)
                0x0000000080017150                __lwp_thread_resettimeslice
 .text.__lwp_thread_tickle_timeslice
                0x000000008001723c       0xcc C:/devkitPro/libogc/lib/wii\libogc.a(lwp_threads.o)
                0x000000008001723c                __lwp_thread_tickle_timeslice
 .text.__lwp_thread_setstate
                0x0000000080017308      0x178 C:/devkitPro/libogc/lib/wii\libogc.a(lwp_threads.o)
                0x0000000080017308                __lwp_thread_setstate
 .text.__lwp_thread_clearstate
                0x0000000080017480       0xe4 C:/devkitPro/libogc/lib/wii\libogc.a(lwp_threads.o)
                0x0000000080017480                __lwp_thread_clearstate
 .text.__lwp_thread_delayended
                0x0000000080017564       0x48 C:/devkitPro/libogc/lib/wii\libogc.a(lwp_threads.o)
                0x0000000080017564                __lwp_thread_delayended
 .text.__lwp_thread_settransient
                0x00000000800175ac       0xb4 C:/devkitPro/libogc/lib/wii\libogc.a(lwp_threads.o)
                0x00000000800175ac                __lwp_thread_settransient
 .text.__lwp_thread_changepriority
                0x0000000080017660      0x1f8 C:/devkitPro/libogc/lib/wii\libogc.a(lwp_threads.o)
                0x0000000080017660                __lwp_thread_changepriority
 .text.__lwp_thread_ready
                0x0000000080017858       0xf4 C:/devkitPro/libogc/lib/wii\libogc.a(lwp_threads.o)
                0x0000000080017858                __lwp_thread_ready
 .text.__lwp_thread_init
                0x000000008001794c      0x180 C:/devkitPro/libogc/lib/wii\libogc.a(lwp_threads.o)
                0x000000008001794c                __lwp_thread_init
 .text.__lwp_thread_close
                0x0000000080017acc      0x130 C:/devkitPro/libogc/lib/wii\libogc.a(lwp_threads.o)
                0x0000000080017acc                __lwp_thread_close
 .text.__lwp_thread_closeall
                0x0000000080017bfc       0xb8 C:/devkitPro/libogc/lib/wii\libogc.a(lwp_threads.o)
                0x0000000080017bfc                __lwp_thread_closeall
 .text.__lwp_thread_exit
                0x0000000080017cb4       0x5c C:/devkitPro/libogc/lib/wii\libogc.a(lwp_threads.o)
                0x0000000080017cb4                __lwp_thread_exit
 .text.__lwp_thread_handler
                0x0000000080017d10       0xb4 C:/devkitPro/libogc/lib/wii\libogc.a(lwp_threads.o)
 .text.__lwp_thread_start
                0x0000000080017dc4       0xec C:/devkitPro/libogc/lib/wii\libogc.a(lwp_threads.o)
                0x0000000080017dc4                __lwp_thread_start
 .text.__lwp_thread_startmultitasking
                0x0000000080017eb0       0xb0 C:/devkitPro/libogc/lib/wii\libogc.a(lwp_threads.o)
                0x0000000080017eb0                __lwp_thread_startmultitasking
 .text.__lwp_thread_stopmultitasking
                0x0000000080017f60       0x58 C:/devkitPro/libogc/lib/wii\libogc.a(lwp_threads.o)
                0x0000000080017f60                __lwp_thread_stopmultitasking
 .text.__lwp_thread_coreinit
                0x0000000080017fb8       0xb0 C:/devkitPro/libogc/lib/wii\libogc.a(lwp_threads.o)
                0x0000000080017fb8                __lwp_thread_coreinit
 .text.idle_func
                0x0000000080018068        0x4 C:/devkitPro/libogc/lib/wii\libogc.a(lwp.o)
 .text.__lwp_sysinit
                0x000000008001806c      0x118 C:/devkitPro/libogc/lib/wii\libogc.a(lwp.o)
                0x000000008001806c                __lwp_sysinit
 .text.LWP_InitQueue
                0x0000000080018184      0x150 C:/devkitPro/libogc/lib/wii\libogc.a(lwp.o)
                0x0000000080018184                LWP_InitQueue
 .text.LWP_CloseQueue
                0x00000000800182d4       0xd4 C:/devkitPro/libogc/lib/wii\libogc.a(lwp.o)
                0x00000000800182d4                LWP_CloseQueue
 .text.LWP_ThreadSleep
                0x00000000800183a8      0x110 C:/devkitPro/libogc/lib/wii\libogc.a(lwp.o)
                0x00000000800183a8                LWP_ThreadSleep
 .text.LWP_ThreadBroadcast
                0x00000000800184b8       0x88 C:/devkitPro/libogc/lib/wii\libogc.a(lwp.o)
                0x00000000800184b8                LWP_ThreadBroadcast
 .text.LWP_ThreadSignal
                0x0000000080018540       0x74 C:/devkitPro/libogc/lib/wii\libogc.a(lwp.o)
                0x0000000080018540                LWP_ThreadSignal
 .text.__lwp_stack_allocate
                0x00000000800185b4       0x60 C:/devkitPro/libogc/lib/wii\libogc.a(lwp_stack.o)
                0x00000000800185b4                __lwp_stack_allocate
 .text.__lwp_stack_free
                0x0000000080018614       0x1c C:/devkitPro/libogc/lib/wii\libogc.a(lwp_stack.o)
                0x0000000080018614                __lwp_stack_free
 .text.__lwp_wd_settimer.isra.4
                0x0000000080018630       0xd8 C:/devkitPro/libogc/lib/wii\libogc.a(lwp_watchdog.o)
 .text.__lwp_watchdog_init
                0x0000000080018708       0x2c C:/devkitPro/libogc/lib/wii\libogc.a(lwp_watchdog.o)
                0x0000000080018708                __lwp_watchdog_init
 .text.__lwp_wd_insert
                0x0000000080018734      0x1e4 C:/devkitPro/libogc/lib/wii\libogc.a(lwp_watchdog.o)
                0x0000000080018734                __lwp_wd_insert
 .text.__lwp_wd_remove
                0x0000000080018918      0x144 C:/devkitPro/libogc/lib/wii\libogc.a(lwp_watchdog.o)
                0x0000000080018918                __lwp_wd_remove
 .text.__lwp_wd_tickle
                0x0000000080018a5c      0x120 C:/devkitPro/libogc/lib/wii\libogc.a(lwp_watchdog.o)
                0x0000000080018a5c                __lwp_wd_tickle
 .text.__lwp_wkspace_init
                0x0000000080018b7c       0xc4 C:/devkitPro/libogc/lib/wii\libogc.a(lwp_wkspace.o)
                0x0000000080018b7c                __lwp_wkspace_init
 .text.__lwp_objmgr_initinfo
                0x0000000080018c40      0x1a4 C:/devkitPro/libogc/lib/wii\libogc.a(lwp_objmgr.o)
                0x0000000080018c40                __lwp_objmgr_initinfo
 .text.__lwp_objmgr_getisrdisable
                0x0000000080018de4       0x60 C:/devkitPro/libogc/lib/wii\libogc.a(lwp_objmgr.o)
                0x0000000080018de4                __lwp_objmgr_getisrdisable
 .text.__lwp_objmgr_getnoprotection
                0x0000000080018e44       0x24 C:/devkitPro/libogc/lib/wii\libogc.a(lwp_objmgr.o)
                0x0000000080018e44                __lwp_objmgr_getnoprotection
 .text.__lwp_objmgr_get
                0x0000000080018e68       0x70 C:/devkitPro/libogc/lib/wii\libogc.a(lwp_objmgr.o)
                0x0000000080018e68                __lwp_objmgr_get
 .text.__lwp_objmgr_allocate
                0x0000000080018ed8       0x88 C:/devkitPro/libogc/lib/wii\libogc.a(lwp_objmgr.o)
                0x0000000080018ed8                __lwp_objmgr_allocate
 .text.__lwp_objmgr_free
                0x0000000080018f60       0x60 C:/devkitPro/libogc/lib/wii\libogc.a(lwp_objmgr.o)
                0x0000000080018f60                __lwp_objmgr_free
 .text.__lwp_heap_init
                0x0000000080018fc0       0xa4 C:/devkitPro/libogc/lib/wii\libogc.a(lwp_heap.o)
                0x0000000080018fc0                __lwp_heap_init
 .text.__lwp_heap_allocate
                0x0000000080019064      0x16c C:/devkitPro/libogc/lib/wii\libogc.a(lwp_heap.o)
                0x0000000080019064                __lwp_heap_allocate
 .text.__lwp_heap_free
                0x00000000800191d0      0x1c0 C:/devkitPro/libogc/lib/wii\libogc.a(lwp_heap.o)
                0x00000000800191d0                __lwp_heap_free
 .text.__SetInterrupts
                0x0000000080019390      0x298 C:/devkitPro/libogc/lib/wii\libogc.a(irq.o)
 .text.c_irqdispatcher
                0x0000000080019628      0x27c C:/devkitPro/libogc/lib/wii\libogc.a(irq.o)
                0x0000000080019628                c_irqdispatcher
 .text.__UnmaskIrq
                0x00000000800198a4       0x84 C:/devkitPro/libogc/lib/wii\libogc.a(irq.o)
                0x00000000800198a4                __UnmaskIrq
 .text.__MaskIrq
                0x0000000080019928       0x84 C:/devkitPro/libogc/lib/wii\libogc.a(irq.o)
                0x0000000080019928                __MaskIrq
 .text.__irq_init
                0x00000000800199ac       0x9c C:/devkitPro/libogc/lib/wii\libogc.a(irq.o)
                0x00000000800199ac                __irq_init
 .text.IRQ_Request
                0x0000000080019a48       0x50 C:/devkitPro/libogc/lib/wii\libogc.a(irq.o)
                0x0000000080019a48                IRQ_Request
 .text.IRQ_GetHandler
                0x0000000080019a98       0x44 C:/devkitPro/libogc/lib/wii\libogc.a(irq.o)
                0x0000000080019a98                IRQ_GetHandler
 .text.IRQ_Disable
                0x0000000080019adc       0x1c C:/devkitPro/libogc/lib/wii\libogc.a(irq.o)
                0x0000000080019adc                IRQ_Disable
 .text.IRQ_Restore
                0x0000000080019af8       0x1c C:/devkitPro/libogc/lib/wii\libogc.a(irq.o)
                0x0000000080019af8                IRQ_Restore
 .text.__VISendI2CData.constprop.2
                0x0000000080019b14      0x42c C:/devkitPro/libogc/lib/wii\libogc.a(video.o)
 .text.__VIWriteI2CRegister16
                0x0000000080019f40       0x38 C:/devkitPro/libogc/lib/wii\libogc.a(video.o)
 .text.__VIWriteI2CRegister8
                0x0000000080019f78       0x38 C:/devkitPro/libogc/lib/wii\libogc.a(video.o)
 .text.__VISetYUVSEL
                0x0000000080019fb0       0x68 C:/devkitPro/libogc/lib/wii\libogc.a(video.o)
 .text.VIDEO_Configure
                0x000000008001a018      0x7c8 C:/devkitPro/libogc/lib/wii\libogc.a(video.o)
                0x000000008001a018                VIDEO_Configure
 .text.VIDEO_WaitVSync
                0x000000008001a7e0       0x74 C:/devkitPro/libogc/lib/wii\libogc.a(video.o)
                0x000000008001a7e0                VIDEO_WaitVSync
 .text.VIDEO_SetFramebuffer
                0x000000008001a854      0x23c C:/devkitPro/libogc/lib/wii\libogc.a(video.o)
                0x000000008001a854                VIDEO_SetFramebuffer
 .text.VIDEO_SetNextFramebuffer
                0x000000008001aa90      0x1b4 C:/devkitPro/libogc/lib/wii\libogc.a(video.o)
                0x000000008001aa90                VIDEO_SetNextFramebuffer
 .text.VIDEO_Flush
                0x000000008001ac44      0x134 C:/devkitPro/libogc/lib/wii\libogc.a(video.o)
                0x000000008001ac44                VIDEO_Flush
 .text.VIDEO_SetBlack
                0x000000008001ad78      0x144 C:/devkitPro/libogc/lib/wii\libogc.a(video.o)
                0x000000008001ad78                VIDEO_SetBlack
 .text.VIDEO_GetCurrentTvMode
                0x000000008001aebc       0x78 C:/devkitPro/libogc/lib/wii\libogc.a(video.o)
                0x000000008001aebc                VIDEO_GetCurrentTvMode
 .text.__VIRetraceHandler
                0x000000008001af34      0x294 C:/devkitPro/libogc/lib/wii\libogc.a(video.o)
 .text.__VISetupEncoder
                0x000000008001b1c8      0x1fc C:/devkitPro/libogc/lib/wii\libogc.a(video.o)
 .text.VIDEO_Init
                0x000000008001b3c4      0x4e0 C:/devkitPro/libogc/lib/wii\libogc.a(video.o)
                0x000000008001b3c4                VIDEO_Init
 .text.VIDEO_GetPreferredMode
                0x000000008001b8a4      0x100 C:/devkitPro/libogc/lib/wii\libogc.a(video.o)
                0x000000008001b8a4                VIDEO_GetPreferredMode
 .text.VIDEO_GetCurrentLine
                0x000000008001b9a4       0x9c C:/devkitPro/libogc/lib/wii\libogc.a(video.o)
                0x000000008001b9a4                VIDEO_GetCurrentLine
 .text.VIDEO_GetFrameBufferSize
                0x000000008001ba40       0x30 C:/devkitPro/libogc/lib/wii\libogc.a(video.o)
                0x000000008001ba40                VIDEO_GetFrameBufferSize
 .text.VIDEO_ClearFrameBuffer
                0x000000008001ba70       0x34 C:/devkitPro/libogc/lib/wii\libogc.a(video.o)
                0x000000008001ba70                VIDEO_ClearFrameBuffer
 .text.__call_resetfuncs
                0x000000008001baa4       0xbc C:/devkitPro/libogc/lib/wii\libogc.a(system.o)
 .text.__MEMInterruptHandler
                0x000000008001bb60       0x14 C:/devkitPro/libogc/lib/wii\libogc.a(system.o)
 .text.__RSWDefaultHandler
                0x000000008001bb74        0x4 C:/devkitPro/libogc/lib/wii\libogc.a(system.o)
 .text.__POWDefaultHandler
                0x000000008001bb78        0x4 C:/devkitPro/libogc/lib/wii\libogc.a(system.o)
 .text.__getrtc
                0x000000008001bb7c      0x164 C:/devkitPro/libogc/lib/wii\libogc.a(system.o)
 .text.__sram_write
                0x000000008001bce0      0x128 C:/devkitPro/libogc/lib/wii\libogc.a(system.o)
 .text.__unlocksram
                0x000000008001be08      0x17c C:/devkitPro/libogc/lib/wii\libogc.a(system.o)
 .text.__sram_writecallback
                0x000000008001bf84       0x54 C:/devkitPro/libogc/lib/wii\libogc.a(system.o)
 .text.__mem_onreset
                0x000000008001bfd8       0x48 C:/devkitPro/libogc/lib/wii\libogc.a(system.o)
 .text.__sys_alarmhandler
                0x000000008001c020       0xf0 C:/devkitPro/libogc/lib/wii\libogc.a(system.o)
 .text.__STMEventHandler
                0x000000008001c110      0x104 C:/devkitPro/libogc/lib/wii\libogc.a(system.o)
 .text.__sram_read.constprop.11
                0x000000008001c214      0x140 C:/devkitPro/libogc/lib/wii\libogc.a(system.o)
 .text.__SYS_GetRTC
                0x000000008001c354       0xd0 C:/devkitPro/libogc/lib/wii\libogc.a(system.o)
                0x000000008001c354                __SYS_GetRTC
 .text.__SYS_GetIPCBufferLo
                0x000000008001c424        0x8 C:/devkitPro/libogc/lib/wii\libogc.a(system.o)
                0x000000008001c424                __SYS_GetIPCBufferLo
 .text.__SYS_GetIPCBufferHi
                0x000000008001c42c        0x8 C:/devkitPro/libogc/lib/wii\libogc.a(system.o)
                0x000000008001c42c                __SYS_GetIPCBufferHi
 .text.__SYS_DoPowerCB
                0x000000008001c434       0x74 C:/devkitPro/libogc/lib/wii\libogc.a(system.o)
                0x000000008001c434                __SYS_DoPowerCB
 .text.__SYS_PreInit
                0x000000008001c4a8        0x4 C:/devkitPro/libogc/lib/wii\libogc.a(system.o)
                0x000000008001c4a8                __SYS_PreInit
 .text.SYS_ResetButtonDown
                0x000000008001c4ac       0x18 C:/devkitPro/libogc/lib/wii\libogc.a(system.o)
                0x000000008001c4ac                SYS_ResetButtonDown
 .text.SYS_ResetSystem
                0x000000008001c4c4      0x214 C:/devkitPro/libogc/lib/wii\libogc.a(system.o)
                0x000000008001c4c4                SYS_ResetSystem
 .text.__reload
                0x000000008001c6d8       0x80 C:/devkitPro/libogc/lib/wii\libogc.a(system.o)
                0x000000008001c6d8                __reload
 .text.__libogc_exit
                0x000000008001c758       0x88 C:/devkitPro/libogc/lib/wii\libogc.a(system.o)
                0x000000008001c758                __libogc_exit
 .text.SYS_RegisterResetFunc
                0x000000008001c7e0       0x78 C:/devkitPro/libogc/lib/wii\libogc.a(system.o)
                0x000000008001c7e0                SYS_RegisterResetFunc
 .text.SYS_Init
                0x000000008001c858      0x69c C:/devkitPro/libogc/lib/wii\libogc.a(system.o)
                0x000000008001c858                SYS_Init
 .text.SYS_SetArena1Lo
                0x000000008001cef4       0x38 C:/devkitPro/libogc/lib/wii\libogc.a(system.o)
                0x000000008001cef4                SYS_SetArena1Lo
 .text.SYS_GetArena1Lo
                0x000000008001cf2c       0x38 C:/devkitPro/libogc/lib/wii\libogc.a(system.o)
                0x000000008001cf2c                SYS_GetArena1Lo
 .text.SYS_GetArena1Hi
                0x000000008001cf64       0x38 C:/devkitPro/libogc/lib/wii\libogc.a(system.o)
                0x000000008001cf64                SYS_GetArena1Hi
 .text.SYS_SetArena2Lo
                0x000000008001cf9c       0x38 C:/devkitPro/libogc/lib/wii\libogc.a(system.o)
                0x000000008001cf9c                SYS_SetArena2Lo
 .text.SYS_GetArena2Lo
                0x000000008001cfd4       0x38 C:/devkitPro/libogc/lib/wii\libogc.a(system.o)
                0x000000008001cfd4                SYS_GetArena2Lo
 .text.SYS_SetArena2Hi
                0x000000008001d00c       0x38 C:/devkitPro/libogc/lib/wii\libogc.a(system.o)
                0x000000008001d00c                SYS_SetArena2Hi
 .text.SYS_GetArena2Hi
                0x000000008001d044       0x38 C:/devkitPro/libogc/lib/wii\libogc.a(system.o)
                0x000000008001d044                SYS_GetArena2Hi
 .text.SYS_AllocateFramebuffer
                0x000000008001d07c       0x28 C:/devkitPro/libogc/lib/wii\libogc.a(system.o)
                0x000000008001d07c                SYS_AllocateFramebuffer
 .text.SYS_CreateAlarm
                0x000000008001d0a4      0x120 C:/devkitPro/libogc/lib/wii\libogc.a(system.o)
                0x000000008001d0a4                SYS_CreateAlarm
 .text.SYS_SetAlarm
                0x000000008001d1c4      0x1d0 C:/devkitPro/libogc/lib/wii\libogc.a(system.o)
                0x000000008001d1c4                SYS_SetAlarm
 .text.SYS_SetPeriodicAlarm
                0x000000008001d394      0x214 C:/devkitPro/libogc/lib/wii\libogc.a(system.o)
                0x000000008001d394                SYS_SetPeriodicAlarm
 .text.SYS_RemoveAlarm
                0x000000008001d5a8      0x128 C:/devkitPro/libogc/lib/wii\libogc.a(system.o)
                0x000000008001d5a8                SYS_RemoveAlarm
 .text.SYS_CancelAlarm
                0x000000008001d6d0       0xd0 C:/devkitPro/libogc/lib/wii\libogc.a(system.o)
                0x000000008001d6d0                SYS_CancelAlarm
 .text.SYS_SetWirelessID
                0x000000008001d7a0       0x94 C:/devkitPro/libogc/lib/wii\libogc.a(system.o)
                0x000000008001d7a0                SYS_SetWirelessID
 .text.SYS_GetWirelessID
                0x000000008001d834       0xa0 C:/devkitPro/libogc/lib/wii\libogc.a(system.o)
                0x000000008001d834                SYS_GetWirelessID
 .text.SYS_GetHollywoodRevision
                0x000000008001d8d4       0x3c C:/devkitPro/libogc/lib/wii\libogc.a(system.o)
                0x000000008001d8d4                SYS_GetHollywoodRevision
 .text.SYS_Time
                0x000000008001d910       0x78 C:/devkitPro/libogc/lib/wii\libogc.a(system.o)
                0x000000008001d910                SYS_Time
 .text.__SYS_SetBootTime
                0x000000008001d988       0x20 C:/devkitPro/libogc/lib/wii\libogc.a(system.o)
                0x000000008001d988                __SYS_SetBootTime
 .text.SYS_PreMain
                0x000000008001d9a8       0x58 C:/devkitPro/libogc/lib/wii\libogc.a(system.o)
                0x000000008001d9a8                SYS_PreMain
 .text.__lwp_cond_init
                0x000000008001da00       0x14 C:/devkitPro/libogc/lib/wii\libogc.a(cond.o)
                0x000000008001da00                __lwp_cond_init
 .text.__decrementer_init
                0x000000008001da14        0x4 C:/devkitPro/libogc/lib/wii\libogc.a(decrementer.o)
                0x000000008001da14                __decrementer_init
 .text.c_decrementer_handler
                0x000000008001da18        0xc C:/devkitPro/libogc/lib/wii\libogc.a(decrementer.o)
                0x000000008001da18                c_decrementer_handler
 .text.__lwp_mqbox_init
                0x000000008001da24       0x14 C:/devkitPro/libogc/lib/wii\libogc.a(message.o)
                0x000000008001da24                __lwp_mqbox_init
 .text.__si_transfer
                0x000000008001da38      0x160 C:/devkitPro/libogc/lib/wii\libogc.a(si.o)
 .text.__si_alarmhandler
                0x000000008001db98       0xe0 C:/devkitPro/libogc/lib/wii\libogc.a(si.o)
 .text.__si_completetransfer
                0x000000008001dc78      0x1d4 C:/devkitPro/libogc/lib/wii\libogc.a(si.o)
 .text.__si_transfernext
                0x000000008001de4c       0xe8 C:/devkitPro/libogc/lib/wii\libogc.a(si.o)
 .text.SI_Busy  0x000000008001df34       0x18 C:/devkitPro/libogc/lib/wii\libogc.a(si.o)
                0x000000008001df34                SI_Busy
 .text.SI_IsChanBusy
                0x000000008001df4c       0x38 C:/devkitPro/libogc/lib/wii\libogc.a(si.o)
                0x000000008001df4c                SI_IsChanBusy
 .text.SI_SetXY
                0x000000008001df84       0x64 C:/devkitPro/libogc/lib/wii\libogc.a(si.o)
                0x000000008001df84                SI_SetXY
 .text.SI_EnablePolling
                0x000000008001dfe8       0x84 C:/devkitPro/libogc/lib/wii\libogc.a(si.o)
                0x000000008001dfe8                SI_EnablePolling
 .text.SI_DisablePolling
                0x000000008001e06c       0x58 C:/devkitPro/libogc/lib/wii\libogc.a(si.o)
                0x000000008001e06c                SI_DisablePolling
 .text.SI_SetSamplingRate
                0x000000008001e0c4       0xe4 C:/devkitPro/libogc/lib/wii\libogc.a(si.o)
                0x000000008001e0c4                SI_SetSamplingRate
 .text.SI_RefreshSamplingRate
                0x000000008001e1a8        0x8 C:/devkitPro/libogc/lib/wii\libogc.a(si.o)
                0x000000008001e1a8                SI_RefreshSamplingRate
 .text.SI_GetStatus
                0x000000008001e1b0       0x78 C:/devkitPro/libogc/lib/wii\libogc.a(si.o)
                0x000000008001e1b0                SI_GetStatus
 .text.SI_GetResponseRaw
                0x000000008001e228       0x80 C:/devkitPro/libogc/lib/wii\libogc.a(si.o)
                0x000000008001e228                SI_GetResponseRaw
 .text.SI_GetResponse
                0x000000008001e2a8       0xb8 C:/devkitPro/libogc/lib/wii\libogc.a(si.o)
                0x000000008001e2a8                SI_GetResponse
 .text.SI_SetCommand
                0x000000008001e360       0x10 C:/devkitPro/libogc/lib/wii\libogc.a(si.o)
                0x000000008001e360                SI_SetCommand
 .text.SI_Transfer
                0x000000008001e370      0x270 C:/devkitPro/libogc/lib/wii\libogc.a(si.o)
                0x000000008001e370                SI_Transfer
 .text.__si_gettypecallback
                0x000000008001e5e0      0x2d4 C:/devkitPro/libogc/lib/wii\libogc.a(si.o)
 .text.__si_interrupthandler
                0x000000008001e8b4      0x270 C:/devkitPro/libogc/lib/wii\libogc.a(si.o)
 .text.SI_GetType
                0x000000008001eb24      0x1d8 C:/devkitPro/libogc/lib/wii\libogc.a(si.o)
                0x000000008001eb24                SI_GetType
 .text.SI_GetTypeAsync
                0x000000008001ecfc      0x138 C:/devkitPro/libogc/lib/wii\libogc.a(si.o)
                0x000000008001ecfc                SI_GetTypeAsync
 .text.SI_EnablePollingInterrupt
                0x000000008001ee34       0xac C:/devkitPro/libogc/lib/wii\libogc.a(si.o)
                0x000000008001ee34                SI_EnablePollingInterrupt
 .text.SI_UnregisterPollingHandler
                0x000000008001eee0       0xdc C:/devkitPro/libogc/lib/wii\libogc.a(si.o)
                0x000000008001eee0                SI_UnregisterPollingHandler
 .text.__si_init
                0x000000008001efbc       0xf8 C:/devkitPro/libogc/lib/wii\libogc.a(si.o)
                0x000000008001efbc                __si_init
 .text.__ios_ioctlvformat_parse
                0x000000008001f0b4      0x820 C:/devkitPro/libogc/lib/wii\libogc.a(ipc.o)
 .text.__ioctlvfmtCB
                0x000000008001f8d4      0x15c C:/devkitPro/libogc/lib/wii\libogc.a(ipc.o)
 .text.__ipc_sendrequest.part.0
                0x000000008001fa30       0xe4 C:/devkitPro/libogc/lib/wii\libogc.a(ipc.o)
 .text.__ipc_interrupthandler
                0x000000008001fb14      0x354 C:/devkitPro/libogc/lib/wii\libogc.a(ipc.o)
 .text.__ipc_syncrequest
                0x000000008001fe68       0xe8 C:/devkitPro/libogc/lib/wii\libogc.a(ipc.o)
 .text.__ipc_asyncrequest
                0x000000008001ff50      0x14c C:/devkitPro/libogc/lib/wii\libogc.a(ipc.o)
 .text.__IPC_Init.part.2
                0x000000008002009c       0x3c C:/devkitPro/libogc/lib/wii\libogc.a(ipc.o)
 .text.iosCreateHeap
                0x00000000800200d8      0x130 C:/devkitPro/libogc/lib/wii\libogc.a(ipc.o)
                0x00000000800200d8                iosCreateHeap
 .text.iosAlloc
                0x0000000080020208       0x30 C:/devkitPro/libogc/lib/wii\libogc.a(ipc.o)
                0x0000000080020208                iosAlloc
 .text.iosFree  0x0000000080020238       0x28 C:/devkitPro/libogc/lib/wii\libogc.a(ipc.o)
                0x0000000080020238                iosFree
 .text.__IPC_ClntInit
                0x0000000080020260       0xa4 C:/devkitPro/libogc/lib/wii\libogc.a(ipc.o)
                0x0000000080020260                __IPC_ClntInit
 .text.IOS_Open
                0x0000000080020304      0x110 C:/devkitPro/libogc/lib/wii\libogc.a(ipc.o)
                0x0000000080020304                IOS_Open
 .text.IOS_Close
                0x0000000080020414       0xf0 C:/devkitPro/libogc/lib/wii\libogc.a(ipc.o)
                0x0000000080020414                IOS_Close
 .text.IOS_CloseAsync
                0x0000000080020504       0xb4 C:/devkitPro/libogc/lib/wii\libogc.a(ipc.o)
                0x0000000080020504                IOS_CloseAsync
 .text.IOS_Read
                0x00000000800205b8      0x10c C:/devkitPro/libogc/lib/wii\libogc.a(ipc.o)
                0x00000000800205b8                IOS_Read
 .text.IOS_Write
                0x00000000800206c4      0x10c C:/devkitPro/libogc/lib/wii\libogc.a(ipc.o)
                0x00000000800206c4                IOS_Write
 .text.IOS_Ioctl
                0x00000000800207d0      0x158 C:/devkitPro/libogc/lib/wii\libogc.a(ipc.o)
                0x00000000800207d0                IOS_Ioctl
 .text.IOS_IoctlAsync
                0x0000000080020928      0x148 C:/devkitPro/libogc/lib/wii\libogc.a(ipc.o)
                0x0000000080020928                IOS_IoctlAsync
 .text.IOS_Ioctlv
                0x0000000080020a70      0x1ec C:/devkitPro/libogc/lib/wii\libogc.a(ipc.o)
                0x0000000080020a70                IOS_Ioctlv
 .text.IOS_IoctlvAsync
                0x0000000080020c5c      0x1dc C:/devkitPro/libogc/lib/wii\libogc.a(ipc.o)
                0x0000000080020c5c                IOS_IoctlvAsync
 .text.IOS_IoctlvFormat
                0x0000000080020e38      0x170 C:/devkitPro/libogc/lib/wii\libogc.a(ipc.o)
                0x0000000080020e38                IOS_IoctlvFormat
 .text.IOS_IoctlvReboot
                0x0000000080020fa8      0x1f0 C:/devkitPro/libogc/lib/wii\libogc.a(ipc.o)
                0x0000000080020fa8                IOS_IoctlvReboot
 .text.gettick  0x0000000080021198        0x8 C:/devkitPro/libogc/lib/wii\libogc.a(timesupp.o)
                0x0000000080021198                gettick
 .text.gettime  0x00000000800211a0       0x18 C:/devkitPro/libogc/lib/wii\libogc.a(timesupp.o)
                0x00000000800211a0                gettime
 .text.settime  0x00000000800211b8       0x14 C:/devkitPro/libogc/lib/wii\libogc.a(timesupp.o)
                0x00000000800211b8                settime
 .text.diff_usec
                0x00000000800211cc       0x88 C:/devkitPro/libogc/lib/wii\libogc.a(timesupp.o)
                0x00000000800211cc                diff_usec
 .text.__timesystem_init
                0x0000000080021254       0x1c C:/devkitPro/libogc/lib/wii\libogc.a(timesupp.o)
                0x0000000080021254                __timesystem_init
 .text.udelay   0x0000000080021270       0xac C:/devkitPro/libogc/lib/wii\libogc.a(timesupp.o)
                0x0000000080021270                udelay
 .text.__libogc_nanosleep
                0x000000008002131c      0x144 C:/devkitPro/libogc/lib/wii\libogc.a(timesupp.o)
                0x000000008002131c                __libogc_nanosleep
 .text.__libogc_gettod_r
                0x0000000080021460       0xd4 C:/devkitPro/libogc/lib/wii\libogc.a(timesupp.o)
                0x0000000080021460                __libogc_gettod_r
 .text.__libogc_lock_init
                0x0000000080021534       0x78 C:/devkitPro/libogc/lib/wii\libogc.a(lock_supp.o)
                0x0000000080021534                __libogc_lock_init
 .text.__libogc_lock_close
                0x00000000800215ac       0x64 C:/devkitPro/libogc/lib/wii\libogc.a(lock_supp.o)
                0x00000000800215ac                __libogc_lock_close
 .text.__libogc_lock_acquire
                0x0000000080021610       0x20 C:/devkitPro/libogc/lib/wii\libogc.a(lock_supp.o)
                0x0000000080021610                __libogc_lock_acquire
 .text.__libogc_lock_release
                0x0000000080021630       0x20 C:/devkitPro/libogc/lib/wii\libogc.a(lock_supp.o)
                0x0000000080021630                __libogc_lock_release
 .text.__libc_create_hook
                0x0000000080021650       0x10 C:/devkitPro/libogc/lib/wii\libogc.a(newlibc.o)
                0x0000000080021650                __libc_create_hook
 .text.__libc_start_hook
                0x0000000080021660       0x9c C:/devkitPro/libogc/lib/wii\libogc.a(newlibc.o)
                0x0000000080021660                __libc_start_hook
 .text.__libc_delete_hook
                0x00000000800216fc       0xfc C:/devkitPro/libogc/lib/wii\libogc.a(newlibc.o)
                0x00000000800216fc                __libc_delete_hook
 .text.__libc_init
                0x00000000800217f8       0xb0 C:/devkitPro/libogc/lib/wii\libogc.a(newlibc.o)
                0x00000000800217f8                __libc_init
 .text.__usbgecko_exi_unlock
                0x00000000800218a8       0x34 C:/devkitPro/libogc/lib/wii\libogc.a(usbgecko.o)
 .text.__usb_sendbyte
                0x00000000800218dc       0xe0 C:/devkitPro/libogc/lib/wii\libogc.a(usbgecko.o)
 .text.__usb_checksend
                0x00000000800219bc       0xd8 C:/devkitPro/libogc/lib/wii\libogc.a(usbgecko.o)
                0x00000000800219bc                __usb_checksend
 .text.usb_isgeckoalive
                0x0000000080021a94      0x1c4 C:/devkitPro/libogc/lib/wii\libogc.a(usbgecko.o)
                0x0000000080021a94                usb_isgeckoalive
 .text.usb_sendbuffer_ex
                0x0000000080021c58      0x168 C:/devkitPro/libogc/lib/wii\libogc.a(usbgecko.o)
                0x0000000080021c58                usb_sendbuffer_ex
 .text.usb_sendbuffer
                0x0000000080021dc0        0x8 C:/devkitPro/libogc/lib/wii\libogc.a(usbgecko.o)
                0x0000000080021dc0                usb_sendbuffer
 .text.usb_sendbuffer_safe_ex
                0x0000000080021dc8      0x1b4 C:/devkitPro/libogc/lib/wii\libogc.a(usbgecko.o)
                0x0000000080021dc8                usb_sendbuffer_safe_ex
 .text.usb_sendbuffer_safe
                0x0000000080021f7c        0x8 C:/devkitPro/libogc/lib/wii\libogc.a(usbgecko.o)
                0x0000000080021f7c                usb_sendbuffer_safe
 .text.__libogc_sbrk_r
                0x0000000080021f84      0x29c C:/devkitPro/libogc/lib/wii\libogc.a(sbrk.o)
                0x0000000080021f84                __libogc_sbrk_r
 .text.__memlock_init
                0x0000000080022220       0x7c C:/devkitPro/libogc/lib/wii\libogc.a(malloc_lock.o)
                0x0000000080022220                __memlock_init
 .text.__libogc_malloc_lock
                0x000000008002229c      0x1f8 C:/devkitPro/libogc/lib/wii\libogc.a(malloc_lock.o)
                0x000000008002229c                __libogc_malloc_lock
 .text.__libogc_malloc_unlock
                0x0000000080022494       0x64 C:/devkitPro/libogc/lib/wii\libogc.a(malloc_lock.o)
                0x0000000080022494                __libogc_malloc_unlock
 .text.__STM_SetEventHook
                0x00000000800224f8       0xb0 C:/devkitPro/libogc/lib/wii\libogc.a(stm.o)
                0x00000000800224f8                __STM_SetEventHook
 .text.__STM_Init
                0x00000000800225a8       0x94 C:/devkitPro/libogc/lib/wii\libogc.a(stm.o)
                0x00000000800225a8                __STM_Init
 .text.__STMEventHandler
                0x000000008002263c       0x60 C:/devkitPro/libogc/lib/wii\libogc.a(stm.o)
 .text.__STM_ReleaseEventHook
                0x000000008002269c       0x80 C:/devkitPro/libogc/lib/wii\libogc.a(stm.o)
                0x000000008002269c                __STM_ReleaseEventHook
 .text.__STM_Close
                0x000000008002271c       0xac C:/devkitPro/libogc/lib/wii\libogc.a(stm.o)
                0x000000008002271c                __STM_Close
 .text.STM_RegisterEventHandler
                0x00000000800227c8       0x10 C:/devkitPro/libogc/lib/wii\libogc.a(stm.o)
                0x00000000800227c8                STM_RegisterEventHandler
 .text.STM_ShutdownToStandby
                0x00000000800227d8       0x50 C:/devkitPro/libogc/lib/wii\libogc.a(stm.o)
                0x00000000800227d8                STM_ShutdownToStandby
 .text.STM_ShutdownToIdle
                0x0000000080022828       0x70 C:/devkitPro/libogc/lib/wii\libogc.a(stm.o)
                0x0000000080022828                STM_ShutdownToIdle
 .text.STM_SetLedMode
                0x0000000080022898       0x40 C:/devkitPro/libogc/lib/wii\libogc.a(stm.o)
                0x0000000080022898                STM_SetLedMode
 .text.STM_RebootSystem
                0x00000000800228d8       0x50 C:/devkitPro/libogc/lib/wii\libogc.a(stm.o)
                0x00000000800228d8                STM_RebootSystem
 .text.__IOS_InitializeSubsystems
                0x0000000080022928       0x48 C:/devkitPro/libogc/lib/wii\libogc.a(ios.o)
                0x0000000080022928                __IOS_InitializeSubsystems
 .text.__IOS_ShutdownSubsystems
                0x0000000080022970       0x48 C:/devkitPro/libogc/lib/wii\libogc.a(ios.o)
                0x0000000080022970                __IOS_ShutdownSubsystems
 .text.__IOS_LoadStartupIOS
                0x00000000800229b8        0x8 C:/devkitPro/libogc/lib/wii\libogc.a(ios.o)
                0x00000000800229b8                __IOS_LoadStartupIOS
 .text._ES_fillstat
                0x00000000800229c0       0xe8 C:/devkitPro/libogc/lib/wii\libogc.a(es.o)
 .text._ES_fstat_r
                0x0000000080022aa8       0x8c C:/devkitPro/libogc/lib/wii\libogc.a(es.o)
 .text.__ES_Close.part.0
                0x0000000080022b34       0x44 C:/devkitPro/libogc/lib/wii\libogc.a(es.o)
 .text.__ES_Init
                0x0000000080022b78       0x78 C:/devkitPro/libogc/lib/wii\libogc.a(es.o)
                0x0000000080022b78                __ES_Init
 .text.__ES_Close
                0x0000000080022bf0       0x18 C:/devkitPro/libogc/lib/wii\libogc.a(es.o)
                0x0000000080022bf0                __ES_Close
 .text.ES_GetTitleID
                0x0000000080022c08       0x80 C:/devkitPro/libogc/lib/wii\libogc.a(es.o)
                0x0000000080022c08                ES_GetTitleID
 .text.ES_LaunchTitle
                0x0000000080022c88       0xb4 C:/devkitPro/libogc/lib/wii\libogc.a(es.o)
                0x0000000080022c88                ES_LaunchTitle
 .text.ES_GetNumTicketViews
                0x0000000080022d3c       0x84 C:/devkitPro/libogc/lib/wii\libogc.a(es.o)
                0x0000000080022d3c                ES_GetNumTicketViews
 .text.ES_GetTicketViews
                0x0000000080022dc0       0x8c C:/devkitPro/libogc/lib/wii\libogc.a(es.o)
                0x0000000080022dc0                ES_GetTicketViews
 .text.ES_GetStoredTMDSize
                0x0000000080022e4c       0x84 C:/devkitPro/libogc/lib/wii\libogc.a(es.o)
                0x0000000080022e4c                ES_GetStoredTMDSize
 .text.ES_GetStoredTMD
                0x0000000080022ed0       0x90 C:/devkitPro/libogc/lib/wii\libogc.a(es.o)
                0x0000000080022ed0                ES_GetStoredTMD
 .text._ES_decodepath
                0x0000000080022f60      0x370 C:/devkitPro/libogc/lib/wii\libogc.a(es.o)
 .text._ES_stat_r
                0x00000000800232d0       0x5c C:/devkitPro/libogc/lib/wii\libogc.a(es.o)
 .text.ES_OpenContent
                0x000000008002332c       0x30 C:/devkitPro/libogc/lib/wii\libogc.a(es.o)
                0x000000008002332c                ES_OpenContent
 .text.ES_OpenTitleContent
                0x000000008002335c       0x70 C:/devkitPro/libogc/lib/wii\libogc.a(es.o)
                0x000000008002335c                ES_OpenTitleContent
 .text._ES_open_r
                0x00000000800233cc      0x13c C:/devkitPro/libogc/lib/wii\libogc.a(es.o)
 .text.ES_ReadContent
                0x0000000080023508       0x6c C:/devkitPro/libogc/lib/wii\libogc.a(es.o)
                0x0000000080023508                ES_ReadContent
 .text._ES_read_r
                0x0000000080023574      0x1c8 C:/devkitPro/libogc/lib/wii\libogc.a(es.o)
 .text.ES_SeekContent
                0x000000008002373c       0x4c C:/devkitPro/libogc/lib/wii\libogc.a(es.o)
                0x000000008002373c                ES_SeekContent
 .text._ES_seek_r
                0x0000000080023788       0xb8 C:/devkitPro/libogc/lib/wii\libogc.a(es.o)
 .text.ES_CloseContent
                0x0000000080023840       0x40 C:/devkitPro/libogc/lib/wii\libogc.a(es.o)
                0x0000000080023840                ES_CloseContent
 .text._ES_close_r
                0x0000000080023880       0x8c C:/devkitPro/libogc/lib/wii\libogc.a(es.o)
 .text.__usbv5_messageCB
                0x000000008002390c       0x5c C:/devkitPro/libogc/lib/wii\libogc.a(usb.o)
 .text.__usbv0_messageCB
                0x0000000080023968       0xb0 C:/devkitPro/libogc/lib/wii\libogc.a(usb.o)
 .text.__usb_control_message
                0x0000000080023a18      0x474 C:/devkitPro/libogc/lib/wii\libogc.a(usb.o)
 .text.__find_device_on_host.part.0
                0x0000000080023e8c       0x4c C:/devkitPro/libogc/lib/wii\libogc.a(usb.o)
 .text.USBV5_SuspendResume
                0x0000000080023ed8       0xe4 C:/devkitPro/libogc/lib/wii\libogc.a(usb.o)
 .text.__usbv5_devicechangeCB
                0x0000000080023fbc      0x134 C:/devkitPro/libogc/lib/wii\libogc.a(usb.o)
 .text.__usbv5_attachfinishCB
                0x00000000800240f0       0xec C:/devkitPro/libogc/lib/wii\libogc.a(usb.o)
 .text.USB_FreeDescriptors.part.4
                0x00000000800241dc       0xfc C:/devkitPro/libogc/lib/wii\libogc.a(usb.o)
 .text.USB_Deinitialize
                0x00000000800242d8       0xc8 C:/devkitPro/libogc/lib/wii\libogc.a(usb.o)
                0x00000000800242d8                USB_Deinitialize
 .text.USB_Initialize
                0x00000000800243a0      0x2f0 C:/devkitPro/libogc/lib/wii\libogc.a(usb.o)
                0x00000000800243a0                USB_Initialize
 .text.USBV5_CloseDevice
                0x0000000080024690       0xf0 C:/devkitPro/libogc/lib/wii\libogc.a(usb.o)
                0x0000000080024690                USBV5_CloseDevice
 .text.USB_CloseDeviceAsync
                0x0000000080024780       0xd0 C:/devkitPro/libogc/lib/wii\libogc.a(usb.o)
                0x0000000080024780                USB_CloseDeviceAsync
 .text.USB_GetDescriptors
                0x0000000080024850      0xb54 C:/devkitPro/libogc/lib/wii\libogc.a(usb.o)
                0x0000000080024850                USB_GetDescriptors
 .text.USB_ReadIntrMsgAsync
                0x00000000800253a4      0x27c C:/devkitPro/libogc/lib/wii\libogc.a(usb.o)
                0x00000000800253a4                USB_ReadIntrMsgAsync
 .text.USB_ReadBlkMsgAsync
                0x0000000080025620      0x278 C:/devkitPro/libogc/lib/wii\libogc.a(usb.o)
                0x0000000080025620                USB_ReadBlkMsgAsync
 .text.USB_WriteBlkMsgAsync